node.exe : - 
Generating browser 
application bundles 
(phase: setup)...
Au caractère 
C:\Program Files\nodejs
\npx.ps1:29 : 3
+   & $NODE_EXE 
$NPX_CLI_JS $args
+   ~~~~~~~~~~~~~~~~~~~
~~~~~~~~~~
    + CategoryInfo     
         : NotSpecifi  
  ed: (- Generating    
 br...hase: setup).    
..:String) [], Rem    
oteException
    + FullyQualifiedEr 
   rorId : NativeComm  
  andError
 
Ô£ö Browser 
application bundle 
generation complete.
[32m24 03 2026 15:17:17.494:INFO [karma-server]: [39mKarma v6.4.4 server started at http://localhost:9876/
[32m24 03 2026 15:17:17.499:INFO [launcher]: [39mLaunching browsers ChromeHeadless with concurrency unlimited
[32m24 03 2026 15:17:17.537:INFO [launcher]: [39mStarting browser ChromeHeadless
[32m24 03 2026 15:18:01.485:INFO [Chrome Headless 146.0.0.0 (Windows 10)]: [39mConnected on socket rKBcyxDJfjQZVqtIAAAB with id 61016697
Chrome Headless 146.0.0.0 (Windows 10): Executed 0 of 472[32m SUCCESS[39m (0 secs / 0 secs)
[1A[2KChrome Headless 146.0.0.0 (Windows 10): Executed 1 of 472[32m SUCCESS[39m (0 secs / 0.246 secs)
[1A[2KChrome Headless 146.0.0.0 (Windows 10): Executed 2 of 472[32m SUCCESS[39m (0 secs / 0.324 secs)
[1A[2KChrome Headless 146.0.0.0 (Windows 10): Executed 3 of 472[32m SUCCESS[39m (0 secs / 0.422 secs)
[1A[2KChrome Headless 146.0.0.0 (Windows 10): Executed 4 of 472[32m SUCCESS[39m (0 secs / 0.431 secs)
[1A[2KChrome Headless 146.0.0.0 (Windows 10): Executed 5 of 472[32m SUCCESS[39m (0 secs / 0.438 secs)
[1A[2KChrome Headless 146.0.0.0 (Windows 10): Executed 6 of 472[32m SUCCESS[39m (0 secs / 0.447 secs)
[1A[2KChrome Headless 146.0.0.0 (Windows 10): Executed 7 of 472[32m SUCCESS[39m (0 secs / 0.453 secs)
[1A[2KChrome Headless 146.0.0.0 (Windows 10): Executed 8 of 472[32m SUCCESS[39m (0 secs / 0.46 secs)
[1A[2KChrome Headless 146.0.0.0 (Windows 10): Executed 9 of 472[32m SUCCESS[39m (0 secs / 0.466 secs)
[1A[2KChrome Headless 146.0.0.0 (Windows 10): Executed 10 of 472[32m SUCCESS[39m (0 secs / 0.471 secs)
[1A[2KChrome Headless 146.0.0.0 (Windows 10): Executed 11 of 472[32m SUCCESS[39m (0 secs / 0.476 secs)
[1A[2KChrome Headless 146.0.0.0 (Windows 10): Executed 12 of 472[32m SUCCESS[39m (0 secs / 0.482 secs)
[1A[2KChrome Headless 146.0.0.0 (Windows 10): Executed 13 of 472[32m SUCCESS[39m (0 secs / 0.486 secs)
[1A[2KChrome Headless 146.0.0.0 (Windows 10): Executed 14 of 472[32m SUCCESS[39m (0 secs / 0.49 secs)
[1A[2KChrome Headless 146.0.0.0 (Windows 10): Executed 15 of 472[32m SUCCESS[39m (0 secs / 0.495 secs)
[1A[2KChrome Headless 146.0.0.0 (Windows 10): Executed 16 of 472[32m SUCCESS[39m (0 secs / 0.499 secs)
[1A[2KChrome Headless 146.0.0.0 (Windows 10): Executed 17 of 472[32m SUCCESS[39m (0 secs / 0.504 secs)
[1A[2KChrome Headless 146.0.0.0 (Windows 10): Executed 18 of 472[32m SUCCESS[39m (0 secs / 0.508 secs)
[1A[2KChrome Headless 146.0.0.0 (Windows 10): Executed 19 of 472[32m SUCCESS[39m (0 secs / 0.675 secs)
[1A[2KChrome Headless 146.0.0.0 (Windows 10): Executed 20 of 472[32m SUCCESS[39m (0 secs / 0.699 secs)
[1A[2KChrome Headless 146.0.0.0 (Windows 10): Executed 21 of 472[32m SUCCESS[39m (0 secs / 0.716 secs)
[1A[2KChrome Headless 146.0.0.0 (Windows 10): Executed 22 of 472[32m SUCCESS[39m (0 secs / 0.74 secs)
[1A[2KChrome Headless 146.0.0.0 (Windows 10): Executed 23 of 472[32m SUCCESS[39m (0 secs / 0.763 secs)
[1A[2KChrome Headless 146.0.0.0 (Windows 10): Executed 24 of 472[32m SUCCESS[39m (0 secs / 0.786 secs)
[1A[2KChrome Headless 146.0.0.0 (Windows 10): Executed 25 of 472[32m SUCCESS[39m (0 secs / 0.804 secs)
[1A[2KChrome Headless 146.0.0.0 (Windows 10): Executed 26 of 472[32m SUCCESS[39m (0 secs / 0.822 secs)
[1A[2KChrome Headless 146.0.0.0 (Windows 10): Executed 27 of 472[32m SUCCESS[39m (0 secs / 0.839 secs)
[1A[2KChrome Headless 146.0.0.0 (Windows 10): Executed 28 of 472[32m SUCCESS[39m (0 secs / 0.856 secs)
[1A[2KChrome Headless 146.0.0.0 (Windows 10): Executed 29 of 472[32m SUCCESS[39m (0 secs / 0.872 secs)
[1A[2KChrome Headless 146.0.0.0 (Windows 10): Executed 30 of 472[32m SUCCESS[39m (0 secs / 0.889 secs)
[1A[2KChrome Headless 146.0.0.0 (Windows 10): Executed 31 of 472[32m SUCCESS[39m (0 secs / 0.905 secs)
[1A[2KChrome Headless 146.0.0.0 (Windows 10): Executed 32 of 472[32m SUCCESS[39m (0 secs / 0.92 secs)
[1A[2KChrome Headless 146.0.0.0 (Windows 10): Executed 33 of 472[32m SUCCESS[39m (0 secs / 0.935 secs)
[1A[2KChrome Headless 146.0.0.0 (Windows 10): Executed 34 of 472[32m SUCCESS[39m (0 secs / 0.951 secs)
[1A[2KChrome Headless 146.0.0.0 (Windows 10): Executed 35 of 472[32m SUCCESS[39m (0 secs / 0.964 secs)
[1A[2KChrome Headless 146.0.0.0 (Windows 10): Executed 36 of 472[32m SUCCESS[39m (0 secs / 1.024 secs)
[1A[2KChrome Headless 146.0.0.0 (Windows 10): Executed 37 of 472[32m SUCCESS[39m (0 secs / 1.038 secs)
[1A[2KChrome Headless 146.0.0.0 (Windows 10): Executed 38 of 472[32m SUCCESS[39m (0 secs / 1.055 secs)
[1A[2KChrome Headless 146.0.0.0 (Windows 10): Executed 39 of 472[32m SUCCESS[39m (0 secs / 1.112 secs)
[1A[2KChrome Headless 146.0.0.0 (Windows 10): Executed 40 of 472[32m SUCCESS[39m (0 secs / 1.127 secs)
[1A[2KChrome Headless 146.0.0.0 (Windows 10): Executed 41 of 472[32m SUCCESS[39m (0 secs / 1.139 secs)
[1A[2KChrome Headless 146.0.0.0 (Windows 10): Executed 42 of 472[32m SUCCESS[39m (0 secs / 1.151 secs)
[1A[2KChrome Headless 146.0.0.0 (Windows 10): Executed 43 of 472[32m SUCCESS[39m (0 secs / 1.163 secs)
[1A[2KChrome Headless 146.0.0.0 (Windows 10): Executed 44 of 472[32m SUCCESS[39m (0 secs / 1.176 secs)
[1A[2KChrome Headless 146.0.0.0 (Windows 10): Executed 45 of 472[32m SUCCESS[39m (0 secs / 1.188 secs)
[1A[2KChrome Headless 146.0.0.0 (Windows 10): Executed 46 of 472[32m SUCCESS[39m (0 secs / 1.201 secs)
[1A[2KChrome Headless 146.0.0.0 (Windows 10): Executed 47 of 472[32m SUCCESS[39m (0 secs / 1.211 secs)
[1A[2KChrome Headless 146.0.0.0 (Windows 10): Executed 48 of 472[32m SUCCESS[39m (0 secs / 1.222 secs)
[1A[2KChrome Headless 146.0.0.0 (Windows 10): Executed 49 of 472[32m SUCCESS[39m (0 secs / 1.231 secs)
[1A[2KChrome Headless 146.0.0.0 (Windows 10): Executed 50 of 472[32m SUCCESS[39m (0 secs / 1.24 secs)
[1A[2KChrome Headless 146.0.0.0 (Windows 10): Executed 51 of 472[32m SUCCESS[39m (0 secs / 1.252 secs)
[1A[2KChrome Headless 146.0.0.0 (Windows 10): Executed 52 of 472[32m SUCCESS[39m (0 secs / 1.264 secs)
[1A[2KChrome Headless 146.0.0.0 (Windows 10): Executed 53 of 472[32m SUCCESS[39m (0 secs / 1.275 secs)
[1A[2KChrome Headless 146.0.0.0 (Windows 10): Executed 54 of 472[32m SUCCESS[39m (0 secs / 1.286 secs)
[1A[2KChrome Headless 146.0.0.0 (Windows 10): Executed 55 of 472[32m SUCCESS[39m (0 secs / 1.3 secs)
[1A[2KChrome Headless 146.0.0.0 (Windows 10): Executed 56 of 472[32m SUCCESS[39m (0 secs / 1.311 secs)
[1A[2KChrome Headless 146.0.0.0 (Windows 10): Executed 57 of 472[32m SUCCESS[39m (0 secs / 1.322 secs)
[1A[2KChrome Headless 146.0.0.0 (Windows 10): Executed 58 of 472[32m SUCCESS[39m (0 secs / 1.333 secs)
[1A[2KChrome Headless 146.0.0.0 (Windows 10): Executed 59 of 472[32m SUCCESS[39m (0 secs / 1.343 secs)
[1A[2KChrome Headless 146.0.0.0 (Windows 10): Executed 60 of 472[32m SUCCESS[39m (0 secs / 1.353 secs)
[1A[2KChrome Headless 146.0.0.0 (Windows 10): Executed 61 of 472[32m SUCCESS[39m (0 secs / 1.364 secs)
[1A[2KChrome Headless 146.0.0.0 (Windows 10): Executed 62 of 472[32m SUCCESS[39m (0 secs / 1.528 secs)
[1A[2KERROR: [36m'Erreur de chargement des ├®v├¿nements', Error: fail
Error: fail
    at errorFactory (http://localhost:9876/_karma_webpack_/webpack:/src/app/pages/administration-page/admin-evenements/admin-evenements.component.spec.ts:94:77)
    at Observable._subscribe (http://localhost:9876/_karma_webpack_/webpack:/node_modules/rxjs/dist/esm/internal/observable/throwError.js:5:51)
    at Observable._trySubscribe (http://localhost:9876/_karma_webpack_/webpack:/node_modules/rxjs/dist/esm/internal/Observable.js:37:25)
    at cb (http://localhost:9876/_karma_webpack_/webpack:/node_modules/rxjs/dist/esm/internal/Observable.js:31:30)
    at errorContext (http://localhost:9876/_karma_webpack_/webpack:/node_modules/rxjs/dist/esm/internal/util/errorContext.js:19:9)
    at Observable.subscribe (http://localhost:9876/_karma_webpack_/webpack:/node_modules/rxjs/dist/esm/internal/Observable.js:22:21)
    at AdminEvenementsComponent.loadEvents (http://localhost:9876/_karma_webpack_/webpack:/src/app/pages/administration-page/admin-evenements/admin-evenements.component.ts:138:82)
    at AdminEvenementsComponent.loadInitialEvents (http://localhost:9876/_karma_webpack_/webpack:/src/app/pages/administration-page/admin-evenements/admin-evenements.component.ts:129:10)
    at UserContext.apply (http://localhost:9876/_karma_webpack_/webpack:/src/app/pages/administration-page/admin-evenements/admin-evenements.component.spec.ts:95:17)
    at _ZoneDelegate.invoke (http://localhost:9876/_karma_webpack_/webpack:/node_modules/zone.js/fesm2015/zone.js:369:28)[39m
Chrome Headless 146.0.0.0 (Windows 10): Executed 62 of 472[32m SUCCESS[39m (0 secs / 1.528 secs)
ERROR: 'Erreur de chargement des ├®v├¿nements', Error: fail
Error: fail
    at errorFactory (http://localhost:9876/_karma_webpack_/webpack:/src/app/pages/administration-page/admin-evenements/admin-evenements.component.spec.ts:94:77)
    at Observable._subscribe (http://localhost:9876/_karma_webpack_/webpack:/node_modules/rxjs/dist/esm/internal/observable/throwError.js:5:51)
    at Observable._trySubscribe (http://localhost:9876/_karma_webpack_/webpack:/node_modules/rxjs/dist/esm/internal/Observable.js:37:25)
    at cb (http://localhost:9876/_karma_webpack_/webpack:/node_modules/rxjs/dist/esm/internal/Observable.js:31:30)
    at errorContext (http://localhost:9876/_karma_webpack_/webpack:/node_modules/rxjs/dist/esm/internal/util/errorContext.js:19:9)
    at Observable.subscribe (http://localhost:9876/_karma_webpack_/webpack:/node_modules/rxjs/dist/esm/internal/Observable.js:22:21)
    at AdminEvenementsComponent.loadEvents (http://localhost:9876/_karma_webpack_/webpack:/src/app/pages/administration-page/admin-evenements/admin-evenements.component.ts:138:82)
    at AdminEvenementsComponent.loadInitialEvents (http://localhost:9876/_karma_webpack_/webpack:/src/app/pages/administration-page/admin-evenements/admin-evenements.component.ts:129:10)
    at UserContext.apply (http://localhost:9876/_karma_webpack_/webpack:/src/app/pages/administration-page/admin-evenements/admin-evenements.component.spec.ts:95:17)
    at _ZoneDelegate.invoke (http://localhost:9876/_karma_webpack_/webpack:/node_modules/zone.js/fesm2015/zone.js:369:28)
[1A[2KChrome Headless 146.0.0.0 (Windows 10): Executed 63 of 472[32m SUCCESS[39m (0 secs / 1.55 secs)
[1A[2KChrome Headless 146.0.0.0 (Windows 10): Executed 64 of 472[32m SUCCESS[39m (0 secs / 1.565 secs)
[1A[2KChrome Headless 146.0.0.0 (Windows 10): Executed 65 of 472[32m SUCCESS[39m (0 secs / 1.579 secs)
[1A[2KChrome Headless 146.0.0.0 (Windows 10): Executed 66 of 472[32m SUCCESS[39m (0 secs / 1.593 secs)
[1A[2KChrome Headless 146.0.0.0 (Windows 10): Executed 67 of 472[32m SUCCESS[39m (0 secs / 1.607 secs)
[1A[2KChrome Headless 146.0.0.0 (Windows 10): Executed 68 of 472[32m SUCCESS[39m (0 secs / 1.621 secs)
[1A[2KChrome Headless 146.0.0.0 (Windows 10): Executed 69 of 472[32m SUCCESS[39m (0 secs / 1.634 secs)
[1A[2KChrome Headless 146.0.0.0 (Windows 10): Executed 70 of 472[32m SUCCESS[39m (0 secs / 1.647 secs)
[1A[2KChrome Headless 146.0.0.0 (Windows 10): Executed 71 of 472[32m SUCCESS[39m (0 secs / 1.663 secs)
[1A[2KChrome Headless 146.0.0.0 (Windows 10): Executed 72 of 472[32m SUCCESS[39m (0 secs / 1.677 secs)
[1A[2KChrome Headless 146.0.0.0 (Windows 10): Executed 73 of 472[32m SUCCESS[39m (0 secs / 1.692 secs)
[1A[2KChrome Headless 146.0.0.0 (Windows 10): Executed 74 of 472[32m SUCCESS[39m (0 secs / 1.74 secs)
[1A[2KChrome Headless 146.0.0.0 (Windows 10): Executed 75 of 472[32m SUCCESS[39m (0 secs / 1.754 secs)
[1A[2KChrome Headless 146.0.0.0 (Windows 10): Executed 76 of 472[32m SUCCESS[39m (0 secs / 1.767 secs)
[1A[2KChrome Headless 146.0.0.0 (Windows 10): Executed 77 of 472[32m SUCCESS[39m (0 secs / 1.768 secs)
[1A[2KChrome Headless 146.0.0.0 (Windows 10): Executed 78 of 472[32m SUCCESS[39m (0 secs / 1.775 secs)
[1A[2KChrome Headless 146.0.0.0 (Windows 10): Executed 79 of 472[32m SUCCESS[39m (0 secs / 1.804 secs)
[1A[2KChrome Headless 146.0.0.0 (Windows 10): Executed 80 of 472[32m SUCCESS[39m (0 secs / 1.877 secs)
[1A[2KChrome Headless 146.0.0.0 (Windows 10): Executed 81 of 472[32m SUCCESS[39m (0 secs / 1.892 secs)
[1A[2KChrome Headless 146.0.0.0 (Windows 10): Executed 82 of 472[32m SUCCESS[39m (0 secs / 1.911 secs)
[1A[2KChrome Headless 146.0.0.0 (Windows 10): Executed 83 of 472[32m SUCCESS[39m (0 secs / 1.927 secs)
[1A[2KChrome Headless 146.0.0.0 (Windows 10): Executed 84 of 472[32m SUCCESS[39m (0 secs / 1.941 secs)
[1A[2KChrome Headless 146.0.0.0 (Windows 10): Executed 85 of 472[32m SUCCESS[39m (0 secs / 1.955 secs)
[1A[2KChrome Headless 146.0.0.0 (Windows 10): Executed 86 of 472[32m SUCCESS[39m (0 secs / 1.966 secs)
[1A[2KERROR: [36mError: Oups
Error: Oups
    at errorFactory (http://localhost:9876/_karma_webpack_/webpack:/src/app/pages/actualite-page/actualite-page.component.spec.ts:109:77)
    at Observable._subscribe (http://localhost:9876/_karma_webpack_/webpack:/node_modules/rxjs/dist/esm/internal/observable/throwError.js:5:51)
    at Observable._trySubscribe (http://localhost:9876/_karma_webpack_/webpack:/node_modules/rxjs/dist/esm/internal/Observable.js:37:25)
    at cb (http://localhost:9876/_karma_webpack_/webpack:/node_modules/rxjs/dist/esm/internal/Observable.js:31:30)
    at errorContext (http://localhost:9876/_karma_webpack_/webpack:/node_modules/rxjs/dist/esm/internal/util/errorContext.js:19:9)
    at Observable.subscribe (http://localhost:9876/_karma_webpack_/webpack:/node_modules/rxjs/dist/esm/internal/Observable.js:22:21)
    at ActualitePageComponent.call [as ngOnInit] (http://localhost:9876/_karma_webpack_/webpack:/src/app/pages/actualite-page/actualite-page.component.ts:28:46)
    at callHookInternal (http://localhost:9876/_karma_webpack_/webpack:/node_modules/@angular/core/fesm2022/core.mjs:5154:14)
    at callHook (http://localhost:9876/_karma_webpack_/webpack:/node_modules/@angular/core/fesm2022/core.mjs:5181:13)
    at callHooks (http://localhost:9876/_karma_webpack_/webpack:/node_modules/@angular/core/fesm2022/core.mjs:5135:17)[39m
Chrome Headless 146.0.0.0 (Windows 10): Executed 86 of 472[32m SUCCESS[39m (0 secs / 1.966 secs)
ERROR: Error: Oups
Error: Oups
    at errorFactory (http://localhost:9876/_karma_webpack_/webpack:/src/app/pages/actualite-page/actualite-page.component.spec.ts:109:77)
    at Observable._subscribe (http://localhost:9876/_karma_webpack_/webpack:/node_modules/rxjs/dist/esm/internal/observable/throwError.js:5:51)
    at Observable._trySubscribe (http://localhost:9876/_karma_webpack_/webpack:/node_modules/rxjs/dist/esm/internal/Observable.js:37:25)
    at cb (http://localhost:9876/_karma_webpack_/webpack:/node_modules/rxjs/dist/esm/internal/Observable.js:31:30)
    at errorContext (http://localhost:9876/_karma_webpack_/webpack:/node_modules/rxjs/dist/esm/internal/util/errorContext.js:19:9)
    at Observable.subscribe (http://localhost:9876/_karma_webpack_/webpack:/node_modules/rxjs/dist/esm/internal/Observable.js:22:21)
    at ActualitePageComponent.call [as ngOnInit] (http://localhost:9876/_karma_webpack_/webpack:/src/app/pages/actualite-page/actualite-page.component.ts:28:46)
    at callHookInternal (http://localhost:9876/_karma_webpack_/webpack:/node_modules/@angular/core/fesm2022/core.mjs:5154:14)
    at callHook (http://localhost:9876/_karma_webpack_/webpack:/node_modules/@angular/core/fesm2022/core.mjs:5181:13)
    at callHooks (http://localhost:9876/_karma_webpack_/webpack:/node_modules/@angular/core/fesm2022/core.mjs:5135:17)
[1A[2KChrome Headless 146.0.0.0 (Windows 10): Executed 87 of 472[32m SUCCESS[39m (0 secs / 1.979 secs)
[1A[2KChrome Headless 146.0.0.0 (Windows 10): Executed 88 of 472[32m SUCCESS[39m (0 secs / 1.991 secs)
[1A[2KChrome Headless 146.0.0.0 (Windows 10): Executed 89 of 472[32m SUCCESS[39m (0 secs / 2.008 secs)
[1A[2KChrome Headless 146.0.0.0 (Windows 10): Executed 90 of 472[32m SUCCESS[39m (0 secs / 2.024 secs)
[1A[2KChrome Headless 146.0.0.0 (Windows 10): Executed 91 of 472[32m SUCCESS[39m (0 secs / 2.038 secs)
[1A[2KChrome Headless 146.0.0.0 (Windows 10): Executed 92 of 472[32m SUCCESS[39m (0 secs / 2.074 secs)
[1A[2KChrome Headless 146.0.0.0 (Windows 10): Executed 93 of 472[32m SUCCESS[39m (0 secs / 2.085 secs)
[1A[2KChrome Headless 146.0.0.0 (Windows 10): Executed 94 of 472[32m SUCCESS[39m (0 secs / 2.098 secs)
[1A[2KChrome Headless 146.0.0.0 (Windows 10): Executed 95 of 472[32m SUCCESS[39m (0 secs / 2.109 secs)
[1A[2KChrome Headless 146.0.0.0 (Windows 10): Executed 96 of 472[32m SUCCESS[39m (0 secs / 2.12 secs)
[1A[2KChrome Headless 146.0.0.0 (Windows 10): Executed 97 of 472[32m SUCCESS[39m (0 secs / 2.133 secs)
[1A[2KChrome Headless 146.0.0.0 (Windows 10): Executed 98 of 472[32m SUCCESS[39m (0 secs / 2.146 secs)
[1A[2KChrome Headless 146.0.0.0 (Windows 10): Executed 99 of 472[32m SUCCESS[39m (0 secs / 2.158 secs)
[1A[2KChrome Headless 146.0.0.0 (Windows 10): Executed 100 of 472[32m SUCCESS[39m (0 secs / 2.171 secs)
[1A[2KChrome Headless 146.0.0.0 (Windows 10): Executed 101 of 472[32m SUCCESS[39m (0 secs / 2.182 secs)
[1A[2KChrome Headless 146.0.0.0 (Windows 10): Executed 102 of 472[32m SUCCESS[39m (0 secs / 2.192 secs)
[1A[2KChrome Headless 146.0.0.0 (Windows 10): Executed 103 of 472[32m SUCCESS[39m (0 secs / 2.205 secs)
[1A[2KChrome Headless 146.0.0.0 (Windows 10): Executed 104 of 472[32m SUCCESS[39m (0 secs / 2.217 secs)
[1A[2KChrome Headless 146.0.0.0 (Windows 10): Executed 105 of 472[32m SUCCESS[39m (0 secs / 2.228 secs)
[1A[2KChrome Headless 146.0.0.0 (Windows 10): Executed 106 of 472[32m SUCCESS[39m (0 secs / 2.24 secs)
[1A[2KChrome Headless 146.0.0.0 (Windows 10): Executed 107 of 472[32m SUCCESS[39m (0 secs / 2.251 secs)
[1A[2KChrome Headless 146.0.0.0 (Windows 10): Executed 108 of 472[32m SUCCESS[39m (0 secs / 2.262 secs)
[1A[2KChrome Headless 146.0.0.0 (Windows 10): Executed 109 of 472[32m SUCCESS[39m (0 secs / 2.273 secs)
[1A[2KChrome Headless 146.0.0.0 (Windows 10): Executed 110 of 472[32m SUCCESS[39m (0 secs / 2.282 secs)
[1A[2KChrome Headless 146.0.0.0 (Windows 10): Executed 111 of 472[32m SUCCESS[39m (0 secs / 2.293 secs)
[1A[2KChrome Headless 146.0.0.0 (Windows 10): Executed 112 of 472[32m SUCCESS[39m (0 secs / 2.306 secs)
[1A[2KChrome Headless 146.0.0.0 (Windows 10): Executed 113 of 472[32m SUCCESS[39m (0 secs / 2.318 secs)
[1A[2KChrome Headless 146.0.0.0 (Windows 10): Executed 114 of 472[32m SUCCESS[39m (0 secs / 2.333 secs)
[1A[2KChrome Headless 146.0.0.0 (Windows 10): Executed 115 of 472[32m SUCCESS[39m (0 secs / 2.349 secs)
[1A[2KChrome Headless 146.0.0.0 (Windows 10): Executed 116 of 472[32m SUCCESS[39m (0 secs / 2.365 secs)
[1A[2KChrome Headless 146.0.0.0 (Windows 10): Executed 117 of 472[32m SUCCESS[39m (0 secs / 2.38 secs)
[1A[2KChrome Headless 146.0.0.0 (Windows 10): Executed 118 of 472[32m SUCCESS[39m (0 secs / 2.394 secs)
[1A[2KChrome Headless 146.0.0.0 (Windows 10): Executed 119 of 472[32m SUCCESS[39m (0 secs / 2.409 secs)
[1A[2KChrome Headless 146.0.0.0 (Windows 10): Executed 120 of 472[32m SUCCESS[39m (0 secs / 2.424 secs)
[1A[2KChrome Headless 146.0.0.0 (Windows 10): Executed 121 of 472[32m SUCCESS[39m (0 secs / 2.438 secs)
[1A[2KChrome Headless 146.0.0.0 (Windows 10): Executed 122 of 472[32m SUCCESS[39m (0 secs / 2.506 secs)
[1A[2KChrome Headless 146.0.0.0 (Windows 10): Executed 123 of 472[32m SUCCESS[39m (0 secs / 2.514 secs)
[1A[2KChrome Headless 146.0.0.0 (Windows 10): Executed 124 of 472[32m SUCCESS[39m (0 secs / 2.514 secs)
[1A[2KChrome Headless 146.0.0.0 (Windows 10): Executed 125 of 472[32m SUCCESS[39m (0 secs / 2.518 secs)
[1A[2KChrome Headless 146.0.0.0 (Windows 10): Executed 126 of 472[32m SUCCESS[39m (0 secs / 2.522 secs)
[1A[2KChrome Headless 146.0.0.0 (Windows 10): Executed 127 of 472[32m SUCCESS[39m (0 secs / 2.526 secs)
[1A[2KChrome Headless 146.0.0.0 (Windows 10): Executed 128 of 472[32m SUCCESS[39m (0 secs / 2.567 secs)
[1A[2KChrome Headless 146.0.0.0 (Windows 10): Executed 129 of 472[32m SUCCESS[39m (0 secs / 2.571 secs)
[1A[2KChrome Headless 146.0.0.0 (Windows 10): Executed 130 of 472[32m SUCCESS[39m (0 secs / 2.576 secs)
[1A[2KChrome Headless 146.0.0.0 (Windows 10): Executed 131 of 472[32m SUCCESS[39m (0 secs / 2.579 secs)
[1A[2KChrome Headless 146.0.0.0 (Windows 10): Executed 132 of 472[32m SUCCESS[39m (0 secs / 2.581 secs)
[1A[2KChrome Headless 146.0.0.0 (Windows 10): Executed 133 of 472[32m SUCCESS[39m (0 secs / 2.584 secs)
[1A[2KChrome Headless 146.0.0.0 (Windows 10): Executed 134 of 472[32m SUCCESS[39m (0 secs / 2.588 secs)
[1A[2KChrome Headless 146.0.0.0 (Windows 10): Executed 135 of 472[32m SUCCESS[39m (0 secs / 2.592 secs)
[1A[2KChrome Headless 146.0.0.0 (Windows 10): Executed 136 of 472[32m SUCCESS[39m (0 secs / 2.594 secs)
[1A[2KChrome Headless 146.0.0.0 (Windows 10): Executed 137 of 472[32m SUCCESS[39m (0 secs / 2.598 secs)
[1A[2KChrome Headless 146.0.0.0 (Windows 10): Executed 138 of 472[32m SUCCESS[39m (0 secs / 2.601 secs)
[1A[2KChrome Headless 146.0.0.0 (Windows 10): Executed 139 of 472[32m SUCCESS[39m (0 secs / 2.605 secs)
[1A[2KChrome Headless 146.0.0.0 (Windows 10): Executed 140 of 472[32m SUCCESS[39m (0 secs / 2.608 secs)
[1A[2KChrome Headless 146.0.0.0 (Windows 10): Executed 141 of 472[32m SUCCESS[39m (0 secs / 2.611 secs)
[1A[2KChrome Headless 146.0.0.0 (Windows 10): Executed 142 of 472[32m SUCCESS[39m (0 secs / 2.614 secs)
[1A[2KChrome Headless 146.0.0.0 (Windows 10): Executed 143 of 472[32m SUCCESS[39m (0 secs / 2.617 secs)
[1A[2KChrome Headless 146.0.0.0 (Windows 10): Executed 144 of 472[32m SUCCESS[39m (0 secs / 2.621 secs)
[1A[2KChrome Headless 146.0.0.0 (Windows 10): Executed 145 of 472[32m SUCCESS[39m (0 secs / 2.679 secs)
[1A[2KChrome Headless 146.0.0.0 (Windows 10): Executed 146 of 472[32m SUCCESS[39m (0 secs / 2.688 secs)
[1A[2KChrome Headless 146.0.0.0 (Windows 10): Executed 147 of 472[32m SUCCESS[39m (0 secs / 2.699 secs)
[1A[2KChrome Headless 146.0.0.0 (Windows 10): Executed 148 of 472[32m SUCCESS[39m (0 secs / 2.711 secs)
[1A[2KChrome Headless 146.0.0.0 (Windows 10): Executed 149 of 472[32m SUCCESS[39m (0 secs / 2.722 secs)
[1A[2KChrome Headless 146.0.0.0 (Windows 10): Executed 150 of 472[32m SUCCESS[39m (0 secs / 2.733 secs)
[1A[2KChrome Headless 146.0.0.0 (Windows 10): Executed 151 of 472[32m SUCCESS[39m (0 secs / 2.744 secs)
[1A[2KChrome Headless 146.0.0.0 (Windows 10): Executed 152 of 472[32m SUCCESS[39m (0 secs / 2.752 secs)
[1A[2KChrome Headless 146.0.0.0 (Windows 10): Executed 153 of 472[32m SUCCESS[39m (0 secs / 2.76 secs)
[1A[2KChrome Headless 146.0.0.0 (Windows 10): Executed 154 of 472[32m SUCCESS[39m (0 secs / 2.769 secs)
[1A[2KChrome Headless 146.0.0.0 (Windows 10): Executed 155 of 472[32m SUCCESS[39m (0 secs / 2.778 secs)
[1A[2KChrome Headless 146.0.0.0 (Windows 10): Executed 156 of 472[32m SUCCESS[39m (0 secs / 2.797 secs)
[1A[2KChrome Headless 146.0.0.0 (Windows 10): Executed 157 of 472[32m SUCCESS[39m (0 secs / 2.81 secs)
[1A[2KChrome Headless 146.0.0.0 (Windows 10): Executed 158 of 472[32m SUCCESS[39m (0 secs / 2.826 secs)
[1A[2KChrome Headless 146.0.0.0 (Windows 10): Executed 159 of 472[32m SUCCESS[39m (0 secs / 2.841 secs)
[1A[2KChrome Headless 146.0.0.0 (Windows 10): Executed 160 of 472[32m SUCCESS[39m (0 secs / 2.854 secs)
[1A[2KChrome Headless 146.0.0.0 (Windows 10): Executed 161 of 472[32m SUCCESS[39m (0 secs / 2.868 secs)
[1A[2KChrome Headless 146.0.0.0 (Windows 10): Executed 162 of 472[32m SUCCESS[39m (0 secs / 2.884 secs)
[1A[2KChrome Headless 146.0.0.0 (Windows 10): Executed 163 of 472[32m SUCCESS[39m (0 secs / 2.898 secs)
[1A[2KChrome Headless 146.0.0.0 (Windows 10): Executed 164 of 472[32m SUCCESS[39m (0 secs / 2.909 secs)
[1A[2KChrome Headless 146.0.0.0 (Windows 10): Executed 165 of 472[32m SUCCESS[39m (0 secs / 2.912 secs)
[1A[2KChrome Headless 146.0.0.0 (Windows 10): Executed 166 of 472[32m SUCCESS[39m (0 secs / 2.915 secs)
[1A[2KChrome Headless 146.0.0.0 (Windows 10): Executed 167 of 472[32m SUCCESS[39m (0 secs / 2.922 secs)
[1A[2KChrome Headless 146.0.0.0 (Windows 10): Executed 168 of 472[32m SUCCESS[39m (0 secs / 2.926 secs)
[1A[2KChrome Headless 146.0.0.0 (Windows 10): Executed 169 of 472[32m SUCCESS[39m (0 secs / 2.929 secs)
[1A[2KChrome Headless 146.0.0.0 (Windows 10): Executed 170 of 472[32m SUCCESS[39m (0 secs / 2.932 secs)
[1A[2KChrome Headless 146.0.0.0 (Windows 10): Executed 171 of 472[32m SUCCESS[39m (0 secs / 2.935 secs)
[1A[2KChrome Headless 146.0.0.0 (Windows 10): Executed 172 of 472[32m SUCCESS[39m (0 secs / 2.938 secs)
[1A[2KChrome Headless 146.0.0.0 (Windows 10): Executed 173 of 472[32m SUCCESS[39m (0 secs / 2.941 secs)
[1A[2KChrome Headless 146.0.0.0 (Windows 10): Executed 174 of 472[32m SUCCESS[39m (0 secs / 3.058 secs)
[1A[2KChrome Headless 146.0.0.0 (Windows 10): Executed 175 of 472[32m SUCCESS[39m (0 secs / 3.223 secs)
[1A[2KChrome Headless 146.0.0.0 (Windows 10): Executed 176 of 472[32m SUCCESS[39m (0 secs / 3.226 secs)
[1A[2KChrome Headless 146.0.0.0 (Windows 10): Executed 177 of 472[32m SUCCESS[39m (0 secs / 3.226 secs)
[1A[2KChrome Headless 146.0.0.0 (Windows 10): Executed 178 of 472[32m SUCCESS[39m (0 secs / 3.231 secs)
[1A[2KChrome Headless 146.0.0.0 (Windows 10): Executed 179 of 472[32m SUCCESS[39m (0 secs / 3.236 secs)
[1A[2KChrome Headless 146.0.0.0 (Windows 10): Executed 180 of 472[32m SUCCESS[39m (0 secs / 3.241 secs)
[1A[2KChrome Headless 146.0.0.0 (Windows 10): Executed 181 of 472[32m SUCCESS[39m (0 secs / 3.246 secs)
[1A[2KChrome Headless 146.0.0.0 (Windows 10): Executed 182 of 472[32m SUCCESS[39m (0 secs / 3.251 secs)
[1A[2KChrome Headless 146.0.0.0 (Windows 10): Executed 183 of 472[32m SUCCESS[39m (0 secs / 3.257 secs)
[1A[2KChrome Headless 146.0.0.0 (Windows 10): Executed 184 of 472[32m SUCCESS[39m (0 secs / 3.262 secs)
[1A[2KChrome Headless 146.0.0.0 (Windows 10): Executed 185 of 472[32m SUCCESS[39m (0 secs / 3.269 secs)
[1A[2KChrome Headless 146.0.0.0 (Windows 10): Executed 186 of 472[32m SUCCESS[39m (0 secs / 3.275 secs)
[1A[2KChrome Headless 146.0.0.0 (Windows 10): Executed 187 of 472[32m SUCCESS[39m (0 secs / 3.281 secs)
[1A[2KChrome Headless 146.0.0.0 (Windows 10): Executed 188 of 472[32m SUCCESS[39m (0 secs / 3.287 secs)
[1A[2KChrome Headless 146.0.0.0 (Windows 10): Executed 189 of 472[32m SUCCESS[39m (0 secs / 3.293 secs)
[1A[2KChrome Headless 146.0.0.0 (Windows 10): Executed 190 of 472[32m SUCCESS[39m (0 secs / 3.298 secs)
[1A[2KChrome Headless 146.0.0.0 (Windows 10): Executed 191 of 472[32m SUCCESS[39m (0 secs / 3.304 secs)
[1A[2KChrome Headless 146.0.0.0 (Windows 10): Executed 192 of 472[32m SUCCESS[39m (0 secs / 3.38 secs)
[1A[2KChrome Headless 146.0.0.0 (Windows 10): Executed 193 of 472[32m SUCCESS[39m (0 secs / 3.387 secs)
[1A[2KChrome Headless 146.0.0.0 (Windows 10): Executed 194 of 472[32m SUCCESS[39m (0 secs / 3.393 secs)
[1A[2KChrome Headless 146.0.0.0 (Windows 10): Executed 195 of 472[32m SUCCESS[39m (0 secs / 3.399 secs)
[1A[2KChrome Headless 146.0.0.0 (Windows 10): Executed 196 of 472[32m SUCCESS[39m (0 secs / 3.404 secs)
[1A[2KERROR: [36mError: Oups
Error: Oups
    at errorFactory (http://localhost:9876/_karma_webpack_/webpack:/src/app/pages/actualite-detail/actualite-detail.component.spec.ts:153:81)
    at Observable._subscribe (http://localhost:9876/_karma_webpack_/webpack:/node_modules/rxjs/dist/esm/internal/observable/throwError.js:5:51)
    at Observable._trySubscribe (http://localhost:9876/_karma_webpack_/webpack:/node_modules/rxjs/dist/esm/internal/Observable.js:37:25)
    at cb (http://localhost:9876/_karma_webpack_/webpack:/node_modules/rxjs/dist/esm/internal/Observable.js:31:30)
    at errorContext (http://localhost:9876/_karma_webpack_/webpack:/node_modules/rxjs/dist/esm/internal/util/errorContext.js:19:9)
    at Observable.subscribe (http://localhost:9876/_karma_webpack_/webpack:/node_modules/rxjs/dist/esm/internal/Observable.js:22:21)
    at Object.next (http://localhost:9876/_karma_webpack_/webpack:/src/app/pages/actualite-detail/actualite-detail.component.ts:46:78)
    at ConsumerObserver.next (http://localhost:9876/_karma_webpack_/webpack:/node_modules/rxjs/dist/esm/internal/Subscriber.js:91:33)
    at SafeSubscriber._next (http://localhost:9876/_karma_webpack_/webpack:/node_modules/rxjs/dist/esm/internal/Subscriber.js:60:26)
    at SafeSubscriber.next (http://localhost:9876/_karma_webpack_/webpack:/node_modules/rxjs/dist/esm/internal/Subscriber.js:31:18)[39m
Chrome Headless 146.0.0.0 (Windows 10): Executed 196 of 472[32m SUCCESS[39m (0 secs / 3.404 secs)
ERROR: Error: Oups
Error: Oups
    at errorFactory (http://localhost:9876/_karma_webpack_/webpack:/src/app/pages/actualite-detail/actualite-detail.component.spec.ts:153:81)
    at Observable._subscribe (http://localhost:9876/_karma_webpack_/webpack:/node_modules/rxjs/dist/esm/internal/observable/throwError.js:5:51)
    at Observable._trySubscribe (http://localhost:9876/_karma_webpack_/webpack:/node_modules/rxjs/dist/esm/internal/Observable.js:37:25)
    at cb (http://localhost:9876/_karma_webpack_/webpack:/node_modules/rxjs/dist/esm/internal/Observable.js:31:30)
    at errorContext (http://localhost:9876/_karma_webpack_/webpack:/node_modules/rxjs/dist/esm/internal/util/errorContext.js:19:9)
    at Observable.subscribe (http://localhost:9876/_karma_webpack_/webpack:/node_modules/rxjs/dist/esm/internal/Observable.js:22:21)
    at Object.next (http://localhost:9876/_karma_webpack_/webpack:/src/app/pages/actualite-detail/actualite-detail.component.ts:46:78)
    at ConsumerObserver.next (http://localhost:9876/_karma_webpack_/webpack:/node_modules/rxjs/dist/esm/internal/Subscriber.js:91:33)
    at SafeSubscriber._next (http://localhost:9876/_karma_webpack_/webpack:/node_modules/rxjs/dist/esm/internal/Subscriber.js:60:26)
    at SafeSubscriber.next (http://localhost:9876/_karma_webpack_/webpack:/node_modules/rxjs/dist/esm/internal/Subscriber.js:31:18)
[1A[2KChrome Headless 146.0.0.0 (Windows 10): Executed 197 of 472[32m SUCCESS[39m (0 secs / 3.41 secs)
[1A[2KChrome Headless 146.0.0.0 (Windows 10): Executed 198 of 472[32m SUCCESS[39m (0 secs / 3.415 secs)
[1A[2KChrome Headless 146.0.0.0 (Windows 10): Executed 199 of 472[32m SUCCESS[39m (0 secs / 3.42 secs)
[1A[2KChrome Headless 146.0.0.0 (Windows 10): Executed 200 of 472[32m SUCCESS[39m (0 secs / 3.424 secs)
[1A[2KChrome Headless 146.0.0.0 (Windows 10): Executed 201 of 472[32m SUCCESS[39m (0 secs / 3.428 secs)
[1A[2KChrome Headless 146.0.0.0 (Windows 10): Executed 202 of 472[32m SUCCESS[39m (0 secs / 3.434 secs)
[1A[2KChrome Headless 146.0.0.0 (Windows 10): Executed 203 of 472[32m SUCCESS[39m (0 secs / 3.437 secs)
[1A[2KChrome Headless 146.0.0.0 (Windows 10): Executed 204 of 472[32m SUCCESS[39m (0 secs / 3.441 secs)
[1A[2KChrome Headless 146.0.0.0 (Windows 10): Executed 205 of 472[32m SUCCESS[39m (0 secs / 3.444 secs)
[1A[2KChrome Headless 146.0.0.0 (Windows 10): Executed 206 of 472[32m SUCCESS[39m (0 secs / 3.447 secs)
[1A[2KChrome Headless 146.0.0.0 (Windows 10): Executed 207 of 472[32m SUCCESS[39m (0 secs / 3.45 secs)
[1A[2KChrome Headless 146.0.0.0 (Windows 10): Executed 208 of 472[32m SUCCESS[39m (0 secs / 3.454 secs)
[1A[2KChrome Headless 146.0.0.0 (Windows 10): Executed 209 of 472[32m SUCCESS[39m (0 secs / 3.473 secs)
[1A[2KChrome Headless 146.0.0.0 (Windows 10): Executed 210 of 472[32m SUCCESS[39m (0 secs / 3.717 secs)
[1A[2KChrome Headless 146.0.0.0 (Windows 10): Executed 211 of 472[32m SUCCESS[39m (0 secs / 3.823 secs)
[1A[2KChrome Headless 146.0.0.0 (Windows 10): Executed 212 of 472[32m SUCCESS[39m (0 secs / 3.829 secs)
[1A[2KChrome Headless 146.0.0.0 (Windows 10): Executed 213 of 472[32m SUCCESS[39m (0 secs / 3.834 secs)
[1A[2KERROR: [36m'Erreur', Error: API error
Error: API error
    at errorFactory (http://localhost:9876/_karma_webpack_/webpack:/src/app/components/calendrier/calendrier.component.spec.ts:89:74)
    at Observable._subscribe (http://localhost:9876/_karma_webpack_/webpack:/node_modules/rxjs/dist/esm/internal/observable/throwError.js:5:51)
    at Observable._trySubscribe (http://localhost:9876/_karma_webpack_/webpack:/node_modules/rxjs/dist/esm/internal/Observable.js:37:25)
    at cb (http://localhost:9876/_karma_webpack_/webpack:/node_modules/rxjs/dist/esm/internal/Observable.js:31:30)
    at errorContext (http://localhost:9876/_karma_webpack_/webpack:/node_modules/rxjs/dist/esm/internal/util/errorContext.js:19:9)
    at Observable.subscribe (http://localhost:9876/_karma_webpack_/webpack:/node_modules/rxjs/dist/esm/internal/Observable.js:22:21)
    at CalendrierComponent.loadEvenements (http://localhost:9876/_karma_webpack_/webpack:/src/app/components/calendrier/calendrier.component.ts:213:46)
    at UserContext.apply (http://localhost:9876/_karma_webpack_/webpack:/src/app/components/calendrier/calendrier.component.spec.ts:90:17)
    at UserContext.apply (http://localhost:9876/_karma_webpack_/webpack:/node_modules/zone.js/fesm2015/zone-testing.js:1702:26)
    at _ZoneDelegate.invoke (http://localhost:9876/_karma_webpack_/webpack:/node_modules/zone.js/fesm2015/zone.js:369:28)[39m
Chrome Headless 146.0.0.0 (Windows 10): Executed 213 of 472[32m SUCCESS[39m (0 secs / 3.834 secs)
ERROR: 'Erreur', Error: API error
Error: API error
    at errorFactory (http://localhost:9876/_karma_webpack_/webpack:/src/app/components/calendrier/calendrier.component.spec.ts:89:74)
    at Observable._subscribe (http://localhost:9876/_karma_webpack_/webpack:/node_modules/rxjs/dist/esm/internal/observable/throwError.js:5:51)
    at Observable._trySubscribe (http://localhost:9876/_karma_webpack_/webpack:/node_modules/rxjs/dist/esm/internal/Observable.js:37:25)
    at cb (http://localhost:9876/_karma_webpack_/webpack:/node_modules/rxjs/dist/esm/internal/Observable.js:31:30)
    at errorContext (http://localhost:9876/_karma_webpack_/webpack:/node_modules/rxjs/dist/esm/internal/util/errorContext.js:19:9)
    at Observable.subscribe (http://localhost:9876/_karma_webpack_/webpack:/node_modules/rxjs/dist/esm/internal/Observable.js:22:21)
    at CalendrierComponent.loadEvenements (http://localhost:9876/_karma_webpack_/webpack:/src/app/components/calendrier/calendrier.component.ts:213:46)
    at UserContext.apply (http://localhost:9876/_karma_webpack_/webpack:/src/app/components/calendrier/calendrier.component.spec.ts:90:17)
    at UserContext.apply (http://localhost:9876/_karma_webpack_/webpack:/node_modules/zone.js/fesm2015/zone-testing.js:1702:26)
    at _ZoneDelegate.invoke (http://localhost:9876/_karma_webpack_/webpack:/node_modules/zone.js/fesm2015/zone.js:369:28)
[1A[2KChrome Headless 146.0.0.0 (Windows 10): Executed 214 of 472[32m SUCCESS[39m (0 secs / 3.84 secs)
[1A[2KChrome Headless 146.0.0.0 (Windows 10): Executed 215 of 472[32m SUCCESS[39m (0 secs / 3.844 secs)
[1A[2KChrome Headless 146.0.0.0 (Windows 10): Executed 216 of 472[32m SUCCESS[39m (0 secs / 3.848 secs)
[1A[2KChrome Headless 146.0.0.0 (Windows 10): Executed 217 of 472[32m SUCCESS[39m (0 secs / 3.852 secs)
[1A[2KChrome Headless 146.0.0.0 (Windows 10): Executed 218 of 472[32m SUCCESS[39m (0 secs / 3.858 secs)
[1A[2KChrome Headless 146.0.0.0 (Windows 10): Executed 219 of 472[32m SUCCESS[39m (0 secs / 3.862 secs)
[1A[2KChrome Headless 146.0.0.0 (Windows 10): Executed 220 of 472[32m SUCCESS[39m (0 secs / 3.867 secs)
[1A[2KChrome Headless 146.0.0.0 (Windows 10): Executed 221 of 472[32m SUCCESS[39m (0 secs / 3.872 secs)
[1A[2KChrome Headless 146.0.0.0 (Windows 10): Executed 222 of 472[32m SUCCESS[39m (0 secs / 3.877 secs)
[1A[2KChrome Headless 146.0.0.0 (Windows 10): Executed 223 of 472[32m SUCCESS[39m (0 secs / 3.882 secs)
[1A[2KChrome Headless 146.0.0.0 (Windows 10): Executed 224 of 472[32m SUCCESS[39m (0 secs / 3.896 secs)
[1A[2KChrome Headless 146.0.0.0 (Windows 10): Executed 225 of 472[32m SUCCESS[39m (0 secs / 3.902 secs)
[1A[2KChrome Headless 146.0.0.0 (Windows 10): Executed 226 of 472[32m SUCCESS[39m (0 secs / 3.905 secs)
[1A[2KChrome Headless 146.0.0.0 (Windows 10): Executed 227 of 472[32m SUCCESS[39m (0 secs / 3.914 secs)
[1A[2KChrome Headless 146.0.0.0 (Windows 10): Executed 228 of 472[32m SUCCESS[39m (0 secs / 3.923 secs)
[1A[2KChrome Headless 146.0.0.0 (Windows 10): Executed 229 of 472[32m SUCCESS[39m (0 secs / 3.93 secs)
[1A[2KChrome Headless 146.0.0.0 (Windows 10): Executed 230 of 472[32m SUCCESS[39m (0 secs / 3.935 secs)
[1A[2KChrome Headless 146.0.0.0 (Windows 10): Executed 231 of 472[32m SUCCESS[39m (0 secs / 3.939 secs)
[1A[2KChrome Headless 146.0.0.0 (Windows 10): Executed 232 of 472[32m SUCCESS[39m (0 secs / 3.944 secs)
[1A[2KChrome Headless 146.0.0.0 (Windows 10): Executed 233 of 472[32m SUCCESS[39m (0 secs / 3.949 secs)
[1A[2KChrome Headless 146.0.0.0 (Windows 10): Executed 234 of 472[32m SUCCESS[39m (0 secs / 3.959 secs)
[1A[2KChrome Headless 146.0.0.0 (Windows 10): Executed 235 of 472[32m SUCCESS[39m (0 secs / 3.965 secs)
[1A[2KChrome Headless 146.0.0.0 (Windows 10): Executed 236 of 472[32m SUCCESS[39m (0 secs / 3.973 secs)
[1A[2KChrome Headless 146.0.0.0 (Windows 10): Executed 237 of 472[32m SUCCESS[39m (0 secs / 3.98 secs)
[1A[2KChrome Headless 146.0.0.0 (Windows 10): Executed 238 of 472[32m SUCCESS[39m (0 secs / 3.987 secs)
[1A[2KChrome Headless 146.0.0.0 (Windows 10): Executed 239 of 472[32m SUCCESS[39m (0 secs / 3.996 secs)
[1A[2KChrome Headless 146.0.0.0 (Windows 10): Executed 240 of 472[32m SUCCESS[39m (0 secs / 4.002 secs)
[1A[2KChrome Headless 146.0.0.0 (Windows 10): Executed 241 of 472[32m SUCCESS[39m (0 secs / 4.016 secs)
[1A[2KChrome Headless 146.0.0.0 (Windows 10): Executed 242 of 472[32m SUCCESS[39m (0 secs / 4.026 secs)
[1A[2KChrome Headless 146.0.0.0 (Windows 10): Executed 243 of 472[32m SUCCESS[39m (0 secs / 4.037 secs)
[1A[2KChrome Headless 146.0.0.0 (Windows 10): Executed 244 of 472[32m SUCCESS[39m (0 secs / 4.047 secs)
[1A[2KChrome Headless 146.0.0.0 (Windows 10): Executed 245 of 472[32m SUCCESS[39m (0 secs / 4.061 secs)
[1A[2KChrome Headless 146.0.0.0 (Windows 10): Executed 246 of 472[32m SUCCESS[39m (0 secs / 4.073 secs)
[1A[2KChrome Headless 146.0.0.0 (Windows 10): Executed 247 of 472[32m SUCCESS[39m (0 secs / 4.083 secs)
[1A[2KChrome Headless 146.0.0.0 (Windows 10): Executed 248 of 472[32m SUCCESS[39m (0 secs / 4.095 secs)
[1A[2KChrome Headless 146.0.0.0 (Windows 10): Executed 249 of 472[32m SUCCESS[39m (0 secs / 4.106 secs)
[1A[2KChrome Headless 146.0.0.0 (Windows 10): Executed 250 of 472[32m SUCCESS[39m (0 secs / 4.121 secs)
[33m24 03 2026 15:18:10.618:WARN [web-server]: [39m404: /_karma_webpack_/test.jpg
[1A[2KChrome Headless 146.0.0.0 (Windows 10): Executed 251 of 472[32m SUCCESS[39m (0 secs / 4.129 secs)
[1A[2KERROR: [36mError: Erreur
Error: Erreur
    at errorFactory (http://localhost:9876/_karma_webpack_/webpack:/src/app/pages/inscription-evenement/inscription-evenement.component.spec.ts:102:75)
    at Observable._subscribe (http://localhost:9876/_karma_webpack_/webpack:/node_modules/rxjs/dist/esm/internal/observable/throwError.js:5:51)
    at Observable._trySubscribe (http://localhost:9876/_karma_webpack_/webpack:/node_modules/rxjs/dist/esm/internal/Observable.js:37:25)
    at cb (http://localhost:9876/_karma_webpack_/webpack:/node_modules/rxjs/dist/esm/internal/Observable.js:31:30)
    at errorContext (http://localhost:9876/_karma_webpack_/webpack:/node_modules/rxjs/dist/esm/internal/util/errorContext.js:19:9)
    at Observable.subscribe (http://localhost:9876/_karma_webpack_/webpack:/node_modules/rxjs/dist/esm/internal/Observable.js:22:21)
    at InscriptionEvenementComponent.ngOnInit (http://localhost:9876/_karma_webpack_/webpack:/src/app/pages/inscription-evenement/inscription-evenement.component.ts:35:67)
    at UserContext.apply (http://localhost:9876/_karma_webpack_/webpack:/src/app/pages/inscription-evenement/inscription-evenement.component.spec.ts:103:15)
    at _ZoneDelegate.invoke (http://localhost:9876/_karma_webpack_/webpack:/node_modules/zone.js/fesm2015/zone.js:369:28)
    at ProxyZoneSpec.onInvoke (http://localhost:9876/_karma_webpack_/webpack:/node_modules/zone.js/fesm2015/zone-testing.js:2081:39)[39m
Chrome Headless 146.0.0.0 (Windows 10): Executed 251 of 472[32m SUCCESS[39m (0 secs / 4.129 secs)
ERROR: Error: Erreur
Error: Erreur
    at errorFactory (http://localhost:9876/_karma_webpack_/webpack:/src/app/pages/inscription-evenement/inscription-evenement.component.spec.ts:102:75)
    at Observable._subscribe (http://localhost:9876/_karma_webpack_/webpack:/node_modules/rxjs/dist/esm/internal/observable/throwError.js:5:51)
    at Observable._trySubscribe (http://localhost:9876/_karma_webpack_/webpack:/node_modules/rxjs/dist/esm/internal/Observable.js:37:25)
    at cb (http://localhost:9876/_karma_webpack_/webpack:/node_modules/rxjs/dist/esm/internal/Observable.js:31:30)
    at errorContext (http://localhost:9876/_karma_webpack_/webpack:/node_modules/rxjs/dist/esm/internal/util/errorContext.js:19:9)
    at Observable.subscribe (http://localhost:9876/_karma_webpack_/webpack:/node_modules/rxjs/dist/esm/internal/Observable.js:22:21)
    at InscriptionEvenementComponent.ngOnInit (http://localhost:9876/_karma_webpack_/webpack:/src/app/pages/inscription-evenement/inscription-evenement.component.ts:35:67)
    at UserContext.apply (http://localhost:9876/_karma_webpack_/webpack:/src/app/pages/inscription-evenement/inscription-evenement.component.spec.ts:103:15)
    at _ZoneDelegate.invoke (http://localhost:9876/_karma_webpack_/webpack:/node_modules/zone.js/fesm2015/zone.js:369:28)
    at ProxyZoneSpec.onInvoke (http://localhost:9876/_karma_webpack_/webpack:/node_modules/zone.js/fesm2015/zone-testing.js:2081:39)
[1A[2KChrome Headless 146.0.0.0 (Windows 10): Executed 252 of 472[32m SUCCESS[39m (0 secs / 4.137 secs)
[33m24 03 2026 15:18:10.640:WARN [web-server]: [39m404: /_karma_webpack_/test.jpg
[1A[2KERROR: [36mError: Erreur
Error: Erreur
    at errorFactory (http://localhost:9876/_karma_webpack_/webpack:/src/app/pages/inscription-evenement/inscription-evenement.component.spec.ts:96:81)
    at Observable._subscribe (http://localhost:9876/_karma_webpack_/webpack:/node_modules/rxjs/dist/esm/internal/observable/throwError.js:5:51)
    at Observable._trySubscribe (http://localhost:9876/_karma_webpack_/webpack:/node_modules/rxjs/dist/esm/internal/Observable.js:37:25)
    at cb (http://localhost:9876/_karma_webpack_/webpack:/node_modules/rxjs/dist/esm/internal/Observable.js:31:30)
    at errorContext (http://localhost:9876/_karma_webpack_/webpack:/node_modules/rxjs/dist/esm/internal/util/errorContext.js:19:9)
    at Observable.subscribe (http://localhost:9876/_karma_webpack_/webpack:/node_modules/rxjs/dist/esm/internal/Observable.js:22:21)
    at InscriptionEvenementComponent.ngOnInit (http://localhost:9876/_karma_webpack_/webpack:/src/app/pages/inscription-evenement/inscription-evenement.component.ts:26:73)
    at UserContext.apply (http://localhost:9876/_karma_webpack_/webpack:/src/app/pages/inscription-evenement/inscription-evenement.component.spec.ts:97:15)
    at _ZoneDelegate.invoke (http://localhost:9876/_karma_webpack_/webpack:/node_modules/zone.js/fesm2015/zone.js:369:28)
    at ProxyZoneSpec.onInvoke (http://localhost:9876/_karma_webpack_/webpack:/node_modules/zone.js/fesm2015/zone-testing.js:2081:39)[39m
Chrome Headless 146.0.0.0 (Windows 10): Executed 252 of 472[32m SUCCESS[39m (0 secs / 4.137 secs)
ERROR: Error: Erreur
Error: Erreur
    at errorFactory (http://localhost:9876/_karma_webpack_/webpack:/src/app/pages/inscription-evenement/inscription-evenement.component.spec.ts:96:81)
    at Observable._subscribe (http://localhost:9876/_karma_webpack_/webpack:/node_modules/rxjs/dist/esm/internal/observable/throwError.js:5:51)
    at Observable._trySubscribe (http://localhost:9876/_karma_webpack_/webpack:/node_modules/rxjs/dist/esm/internal/Observable.js:37:25)
    at cb (http://localhost:9876/_karma_webpack_/webpack:/node_modules/rxjs/dist/esm/internal/Observable.js:31:30)
    at errorContext (http://localhost:9876/_karma_webpack_/webpack:/node_modules/rxjs/dist/esm/internal/util/errorContext.js:19:9)
    at Observable.subscribe (http://localhost:9876/_karma_webpack_/webpack:/node_modules/rxjs/dist/esm/internal/Observable.js:22:21)
    at InscriptionEvenementComponent.ngOnInit (http://localhost:9876/_karma_webpack_/webpack:/src/app/pages/inscription-evenement/inscription-evenement.component.ts:26:73)
    at UserContext.apply (http://localhost:9876/_karma_webpack_/webpack:/src/app/pages/inscription-evenement/inscription-evenement.component.spec.ts:97:15)
    at _ZoneDelegate.invoke (http://localhost:9876/_karma_webpack_/webpack:/node_modules/zone.js/fesm2015/zone.js:369:28)
    at ProxyZoneSpec.onInvoke (http://localhost:9876/_karma_webpack_/webpack:/node_modules/zone.js/fesm2015/zone-testing.js:2081:39)
[1A[2KChrome Headless 146.0.0.0 (Windows 10): Executed 253 of 472[32m SUCCESS[39m (0 secs / 4.144 secs)
[1A[2KChrome Headless 146.0.0.0 (Windows 10): Executed 254 of 472[32m SUCCESS[39m (0 secs / 4.373 secs)
[1A[2KChrome Headless 146.0.0.0 (Windows 10): Executed 255 of 472[32m SUCCESS[39m (0 secs / 4.469 secs)
[1A[2KChrome Headless 146.0.0.0 (Windows 10): Executed 256 of 472[32m SUCCESS[39m (0 secs / 4.555 secs)
[1A[2KChrome Headless 146.0.0.0 (Windows 10): Executed 257 of 472[32m SUCCESS[39m (0 secs / 4.629 secs)
[1A[2KChrome Headless 146.0.0.0 (Windows 10): Executed 258 of 472[32m SUCCESS[39m (0 secs / 4.741 secs)
[1A[2KChrome Headless 146.0.0.0 (Windows 10): Executed 259 of 472[32m SUCCESS[39m (0 secs / 4.855 secs)
[1A[2KChrome Headless 146.0.0.0 (Windows 10): Executed 260 of 472[32m SUCCESS[39m (0 secs / 4.968 secs)
[1A[2KChrome Headless 146.0.0.0 (Windows 10): Executed 261 of 472[32m SUCCESS[39m (0 secs / 5.105 secs)
[1A[2KChrome Headless 146.0.0.0 (Windows 10): Executed 262 of 472[32m SUCCESS[39m (0 secs / 5.109 secs)
[1A[2KChrome Headless 146.0.0.0 (Windows 10): Executed 263 of 472[32m SUCCESS[39m (0 secs / 5.112 secs)
[1A[2KChrome Headless 146.0.0.0 (Windows 10): Executed 264 of 472[32m SUCCESS[39m (0 secs / 5.114 secs)
[1A[2KChrome Headless 146.0.0.0 (Windows 10): Executed 265 of 472[32m SUCCESS[39m (0 secs / 5.116 secs)
[1A[2KChrome Headless 146.0.0.0 (Windows 10): Executed 266 of 472[32m SUCCESS[39m (0 secs / 5.119 secs)
[1A[2KChrome Headless 146.0.0.0 (Windows 10): Executed 267 of 472[32m SUCCESS[39m (0 secs / 5.122 secs)
[1A[2KChrome Headless 146.0.0.0 (Windows 10): Executed 268 of 472[32m SUCCESS[39m (0 secs / 5.126 secs)
[1A[2KChrome Headless 146.0.0.0 (Windows 10): Executed 269 of 472[32m SUCCESS[39m (0 secs / 5.132 secs)
[1A[2KChrome Headless 146.0.0.0 (Windows 10): Executed 270 of 472[32m SUCCESS[39m (0 secs / 5.135 secs)
[1A[2KChrome Headless 146.0.0.0 (Windows 10): Executed 271 of 472[32m SUCCESS[39m (0 secs / 5.138 secs)
[1A[2KChrome Headless 146.0.0.0 (Windows 10): Executed 272 of 472[32m SUCCESS[39m (0 secs / 5.141 secs)
[1A[2KChrome Headless 146.0.0.0 (Windows 10): Executed 273 of 472[32m SUCCESS[39m (0 secs / 5.144 secs)
[1A[2KChrome Headless 146.0.0.0 (Windows 10): Executed 274 of 472[32m SUCCESS[39m (0 secs / 5.147 secs)
[1A[2KChrome Headless 146.0.0.0 (Windows 10): Executed 275 of 472[32m SUCCESS[39m (0 secs / 5.15 secs)
[1A[2KChrome Headless 146.0.0.0 (Windows 10): Executed 276 of 472[32m SUCCESS[39m (0 secs / 5.153 secs)
[1A[2KChrome Headless 146.0.0.0 (Windows 10): Executed 277 of 472[32m SUCCESS[39m (0 secs / 5.156 secs)
[1A[2KChrome Headless 146.0.0.0 (Windows 10): Executed 278 of 472[32m SUCCESS[39m (0 secs / 5.158 secs)
[1A[2KChrome Headless 146.0.0.0 (Windows 10): Executed 279 of 472[32m SUCCESS[39m (0 secs / 5.16 secs)
[1A[2KChrome Headless 146.0.0.0 (Windows 10): Executed 280 of 472[32m SUCCESS[39m (0 secs / 5.163 secs)
[1A[2KChrome Headless 146.0.0.0 (Windows 10): Executed 281 of 472[32m SUCCESS[39m (0 secs / 5.166 secs)
[1A[2KChrome Headless 146.0.0.0 (Windows 10): Executed 282 of 472[32m SUCCESS[39m (0 secs / 5.168 secs)
[1A[2KChrome Headless 146.0.0.0 (Windows 10): Executed 283 of 472[32m SUCCESS[39m (0 secs / 5.171 secs)
[1A[2KChrome Headless 146.0.0.0 (Windows 10): Executed 284 of 472[32m SUCCESS[39m (0 secs / 5.173 secs)
[1A[2KChrome Headless 146.0.0.0 (Windows 10): Executed 285 of 472[32m SUCCESS[39m (0 secs / 5.175 secs)
[1A[2KChrome Headless 146.0.0.0 (Windows 10): Executed 286 of 472[32m SUCCESS[39m (0 secs / 5.178 secs)
[1A[2KChrome Headless 146.0.0.0 (Windows 10): Executed 287 of 472[32m SUCCESS[39m (0 secs / 5.179 secs)
[1A[2KChrome Headless 146.0.0.0 (Windows 10): Executed 288 of 472[32m SUCCESS[39m (0 secs / 5.181 secs)
[1A[2KChrome Headless 146.0.0.0 (Windows 10): Executed 289 of 472[32m SUCCESS[39m (0 secs / 5.183 secs)
[1A[2KChrome Headless 146.0.0.0 (Windows 10): Executed 290 of 472[32m SUCCESS[39m (0 secs / 5.185 secs)
[1A[2KChrome Headless 146.0.0.0 (Windows 10): Executed 291 of 472[32m SUCCESS[39m (0 secs / 5.186 secs)
[1A[2KChrome Headless 146.0.0.0 (Windows 10): Executed 292 of 472[32m SUCCESS[39m (0 secs / 5.188 secs)
[1A[2KChrome Headless 146.0.0.0 (Windows 10): Executed 293 of 472[32m SUCCESS[39m (0 secs / 5.19 secs)
[1A[2KChrome Headless 146.0.0.0 (Windows 10): Executed 294 of 472[32m SUCCESS[39m (0 secs / 5.192 secs)
[1A[2KChrome Headless 146.0.0.0 (Windows 10): Executed 295 of 472[32m SUCCESS[39m (0 secs / 5.239 secs)
[1A[2KChrome Headless 146.0.0.0 (Windows 10): Executed 296 of 472[32m SUCCESS[39m (0 secs / 5.25 secs)
[1A[2KChrome Headless 146.0.0.0 (Windows 10): Executed 297 of 472[32m SUCCESS[39m (0 secs / 5.26 secs)
[1A[2KChrome Headless 146.0.0.0 (Windows 10): Executed 298 of 472[32m SUCCESS[39m (0 secs / 5.271 secs)
[1A[2KChrome Headless 146.0.0.0 (Windows 10): Executed 299 of 472[32m SUCCESS[39m (0 secs / 5.28 secs)
[1A[2KChrome Headless 146.0.0.0 (Windows 10): Executed 300 of 472[32m SUCCESS[39m (0 secs / 5.29 secs)
[1A[2KChrome Headless 146.0.0.0 (Windows 10): Executed 301 of 472[32m SUCCESS[39m (0 secs / 5.298 secs)
[1A[2KChrome Headless 146.0.0.0 (Windows 10): Executed 302 of 472[32m SUCCESS[39m (0 secs / 5.305 secs)
[1A[2KERROR: [36mError: Err
Error: Err
    at errorFactory (http://localhost:9876/_karma_webpack_/webpack:/src/app/pages/evenement-detail/evenement-detail.component.spec.ts:178:83)
    at Observable._subscribe (http://localhost:9876/_karma_webpack_/webpack:/node_modules/rxjs/dist/esm/internal/observable/throwError.js:5:51)
    at Observable._trySubscribe (http://localhost:9876/_karma_webpack_/webpack:/node_modules/rxjs/dist/esm/internal/Observable.js:37:25)
    at cb (http://localhost:9876/_karma_webpack_/webpack:/node_modules/rxjs/dist/esm/internal/Observable.js:31:30)
    at errorContext (http://localhost:9876/_karma_webpack_/webpack:/node_modules/rxjs/dist/esm/internal/util/errorContext.js:19:9)
    at Observable.subscribe (http://localhost:9876/_karma_webpack_/webpack:/node_modules/rxjs/dist/esm/internal/Observable.js:22:21)
    at EvenementDetailComponent.loadEvenement (http://localhost:9876/_karma_webpack_/webpack:/src/app/pages/evenement-detail/evenement-detail.component.ts:96:48)
    at EvenementDetailComponent.call [as ngOnInit] (http://localhost:9876/_karma_webpack_/webpack:/src/app/pages/evenement-detail/evenement-detail.component.ts:91:10)
    at callHookInternal (http://localhost:9876/_karma_webpack_/webpack:/node_modules/@angular/core/fesm2022/core.mjs:5154:14)
    at callHook (http://localhost:9876/_karma_webpack_/webpack:/node_modules/@angular/core/fesm2022/core.mjs:5181:13)[39m
Chrome Headless 146.0.0.0 (Windows 10): Executed 302 of 472[32m SUCCESS[39m (0 secs / 5.305 secs)
ERROR: Error: Err
Error: Err
    at errorFactory (http://localhost:9876/_karma_webpack_/webpack:/src/app/pages/evenement-detail/evenement-detail.component.spec.ts:178:83)
    at Observable._subscribe (http://localhost:9876/_karma_webpack_/webpack:/node_modules/rxjs/dist/esm/internal/observable/throwError.js:5:51)
    at Observable._trySubscribe (http://localhost:9876/_karma_webpack_/webpack:/node_modules/rxjs/dist/esm/internal/Observable.js:37:25)
    at cb (http://localhost:9876/_karma_webpack_/webpack:/node_modules/rxjs/dist/esm/internal/Observable.js:31:30)
    at errorContext (http://localhost:9876/_karma_webpack_/webpack:/node_modules/rxjs/dist/esm/internal/util/errorContext.js:19:9)
    at Observable.subscribe (http://localhost:9876/_karma_webpack_/webpack:/node_modules/rxjs/dist/esm/internal/Observable.js:22:21)
    at EvenementDetailComponent.loadEvenement (http://localhost:9876/_karma_webpack_/webpack:/src/app/pages/evenement-detail/evenement-detail.component.ts:96:48)
    at EvenementDetailComponent.call [as ngOnInit] (http://localhost:9876/_karma_webpack_/webpack:/src/app/pages/evenement-detail/evenement-detail.component.ts:91:10)
    at callHookInternal (http://localhost:9876/_karma_webpack_/webpack:/node_modules/@angular/core/fesm2022/core.mjs:5154:14)
    at callHook (http://localhost:9876/_karma_webpack_/webpack:/node_modules/@angular/core/fesm2022/core.mjs:5181:13)
[1A[2KChrome Headless 146.0.0.0 (Windows 10): Executed 303 of 472[32m SUCCESS[39m (0 secs / 5.31 secs)
[1A[2KChrome Headless 146.0.0.0 (Windows 10): Executed 304 of 472[32m SUCCESS[39m (0 secs / 5.317 secs)
[1A[2KChrome Headless 146.0.0.0 (Windows 10): Executed 305 of 472[32m SUCCESS[39m (0 secs / 5.325 secs)
[1A[2KChrome Headless 146.0.0.0 (Windows 10): Executed 306 of 472[32m SUCCESS[39m (0 secs / 5.331 secs)
[1A[2KChrome Headless 146.0.0.0 (Windows 10): Executed 307 of 472[32m SUCCESS[39m (0 secs / 5.336 secs)
[1A[2KChrome Headless 146.0.0.0 (Windows 10): Executed 308 of 472[32m SUCCESS[39m (0 secs / 5.341 secs)
[1A[2KChrome Headless 146.0.0.0 (Windows 10): Executed 309 of 472[32m SUCCESS[39m (0 secs / 5.347 secs)
[1A[2KChrome Headless 146.0.0.0 (Windows 10): Executed 310 of 472[32m SUCCESS[39m (0 secs / 5.419 secs)
[1A[2KChrome Headless 146.0.0.0 (Windows 10): Executed 311 of 472[32m SUCCESS[39m (0 secs / 5.427 secs)
[1A[2KChrome Headless 146.0.0.0 (Windows 10): Executed 312 of 472[32m SUCCESS[39m (0 secs / 5.435 secs)
[1A[2KChrome Headless 146.0.0.0 (Windows 10): Executed 313 of 472[32m SUCCESS[39m (0 secs / 5.44 secs)
[1A[2KChrome Headless 146.0.0.0 (Windows 10): Executed 314 of 472[32m SUCCESS[39m (0 secs / 5.445 secs)
[1A[2KChrome Headless 146.0.0.0 (Windows 10): Executed 315 of 472[32m SUCCESS[39m (0 secs / 5.45 secs)
[1A[2KERROR: [36m'Erreur d'inscription', Error: Erreur r├®seau
Error: Erreur r├®seau
    at errorFactory (http://localhost:9876/_karma_webpack_/webpack:/src/app/pages/register/register.component.spec.ts:472:61)
    at Observable._subscribe (http://localhost:9876/_karma_webpack_/webpack:/node_modules/rxjs/dist/esm/internal/observable/throwError.js:5:51)
    at Observable._trySubscribe (http://localhost:9876/_karma_webpack_/webpack:/node_modules/rxjs/dist/esm/internal/Observable.js:37:25)
    at cb (http://localhost:9876/_karma_webpack_/webpack:/node_modules/rxjs/dist/esm/internal/Observable.js:31:30)
    at errorContext (http://localhost:9876/_karma_webpack_/webpack:/node_modules/rxjs/dist/esm/internal/util/errorContext.js:19:9)
    at Observable.subscribe (http://localhost:9876/_karma_webpack_/webpack:/node_modules/rxjs/dist/esm/internal/Observable.js:22:21)
    at RegisterComponent.onSubmit (http://localhost:9876/_karma_webpack_/webpack:/src/app/pages/register/register.component.ts:76:37)
    at UserContext.apply (http://localhost:9876/_karma_webpack_/webpack:/src/app/pages/register/register.component.spec.ts:482:17)
    at _ZoneDelegate.invoke (http://localhost:9876/_karma_webpack_/webpack:/node_modules/zone.js/fesm2015/zone.js:369:28)
    at ProxyZoneSpec.onInvoke (http://localhost:9876/_karma_webpack_/webpack:/node_modules/zone.js/fesm2015/zone-testing.js:2081:39)[39m
Chrome Headless 146.0.0.0 (Windows 10): Executed 315 of 472[32m SUCCESS[39m (0 secs / 5.45 secs)
ERROR: 'Erreur d'inscription', Error: Erreur r├®seau
Error: Erreur r├®seau
    at errorFactory (http://localhost:9876/_karma_webpack_/webpack:/src/app/pages/register/register.component.spec.ts:472:61)
    at Observable._subscribe (http://localhost:9876/_karma_webpack_/webpack:/node_modules/rxjs/dist/esm/internal/observable/throwError.js:5:51)
    at Observable._trySubscribe (http://localhost:9876/_karma_webpack_/webpack:/node_modules/rxjs/dist/esm/internal/Observable.js:37:25)
    at cb (http://localhost:9876/_karma_webpack_/webpack:/node_modules/rxjs/dist/esm/internal/Observable.js:31:30)
    at errorContext (http://localhost:9876/_karma_webpack_/webpack:/node_modules/rxjs/dist/esm/internal/util/errorContext.js:19:9)
    at Observable.subscribe (http://localhost:9876/_karma_webpack_/webpack:/node_modules/rxjs/dist/esm/internal/Observable.js:22:21)
    at RegisterComponent.onSubmit (http://localhost:9876/_karma_webpack_/webpack:/src/app/pages/register/register.component.ts:76:37)
    at UserContext.apply (http://localhost:9876/_karma_webpack_/webpack:/src/app/pages/register/register.component.spec.ts:482:17)
    at _ZoneDelegate.invoke (http://localhost:9876/_karma_webpack_/webpack:/node_modules/zone.js/fesm2015/zone.js:369:28)
    at ProxyZoneSpec.onInvoke (http://localhost:9876/_karma_webpack_/webpack:/node_modules/zone.js/fesm2015/zone-testing.js:2081:39)
[1A[2KChrome Headless 146.0.0.0 (Windows 10): Executed 316 of 472[32m SUCCESS[39m (0 secs / 5.526 secs)
[1A[2KERROR: [36m'Erreur d'inscription', Object{error: Object{}}[39m
Chrome Headless 146.0.0.0 (Windows 10): Executed 316 of 472[32m SUCCESS[39m (0 secs / 5.526 secs)
ERROR: 'Erreur d'inscription', Object{error: Object{}}
[1A[2KChrome Headless 146.0.0.0 (Windows 10): Executed 317 of 472[32m SUCCESS[39m (0 secs / 5.543 secs)
[1A[2KERROR: [36m'Erreur d'inscription', Object{error: Object{message: 'Erreur serveur'}}[39m
Chrome Headless 146.0.0.0 (Windows 10): Executed 317 of 472[32m SUCCESS[39m (0 secs / 5.543 secs)
ERROR: 'Erreur d'inscription', Object{error: Object{message: 'Erreur serveur'}}
[1A[2KChrome Headless 146.0.0.0 (Windows 10): Executed 318 of 472[32m SUCCESS[39m (0 secs / 5.561 secs)
[1A[2KChrome Headless 146.0.0.0 (Windows 10): Executed 319 of 472[32m SUCCESS[39m (0 secs / 5.578 secs)
[1A[2KLOG: [36m'Inscription r├®ussie', Object{message: 'Registration successful', user: Object{id_utilisateur: 1, nom: 'Dupont', prenom: 'Jean', email: 'jean.dupont@example.com', role: 'parent', statut_compte: 'actif'}, token: 'fake-jwt-token-789'}[39m
Chrome Headless 146.0.0.0 (Windows 10): Executed 319 of 472[32m SUCCESS[39m (0 secs / 5.578 secs)
LOG: 'Inscription r├®ussie', Object{message: 'Registration successful', user: Object{id_utilisateur: 1, nom: 'Dupont', prenom: 'Jean', email: 'jean.dupont@example.com', role: 'parent', statut_compte: 'actif'}, token: 'fake-jwt-token-789'}
[1A[2KChrome Headless 146.0.0.0 (Windows 10): Executed 320 of 472[32m SUCCESS[39m (0 secs / 5.6 secs)
[1A[2KLOG: [36m'Inscription r├®ussie', Object{message: 'Registration successful', user: Object{id_utilisateur: 1, nom: 'Dupont', prenom: 'Jean', email: 'jean.dupont@example.com', role: 'parent', statut_compte: 'actif'}, token: 'fake-jwt-token-789'}[39m
Chrome Headless 146.0.0.0 (Windows 10): Executed 320 of 472[32m SUCCESS[39m (0 secs / 5.6 secs)
LOG: 'Inscription r├®ussie', Object{message: 'Registration successful', user: Object{id_utilisateur: 1, nom: 'Dupont', prenom: 'Jean', email: 'jean.dupont@example.com', role: 'parent', statut_compte: 'actif'}, token: 'fake-jwt-token-789'}
[1A[2KChrome Headless 146.0.0.0 (Windows 10): Executed 321 of 472[32m SUCCESS[39m (0 secs / 5.615 secs)
[1A[2KChrome Headless 146.0.0.0 (Windows 10): Executed 322 of 472[32m SUCCESS[39m (0 secs / 5.625 secs)
[1A[2KChrome Headless 146.0.0.0 (Windows 10): Executed 323 of 472[32m SUCCESS[39m (0 secs / 5.639 secs)
[1A[2KLOG: [36m'Inscription r├®ussie', Object{message: 'Registration successful', user: Object{id_utilisateur: 1, nom: 'Dupont', prenom: 'Jean', email: 'jean.dupont@example.com', role: 'parent', statut_compte: 'actif'}, token: 'fake-jwt-token-789'}[39m
Chrome Headless 146.0.0.0 (Windows 10): Executed 323 of 472[32m SUCCESS[39m (0 secs / 5.639 secs)
LOG: 'Inscription r├®ussie', Object{message: 'Registration successful', user: Object{id_utilisateur: 1, nom: 'Dupont', prenom: 'Jean', email: 'jean.dupont@example.com', role: 'parent', statut_compte: 'actif'}, token: 'fake-jwt-token-789'}
[1A[2KChrome Headless 146.0.0.0 (Windows 10): Executed 324 of 472[32m SUCCESS[39m (0 secs / 5.652 secs)
[1A[2KLOG: [36m'Inscription r├®ussie', Object{message: 'Registration successful', user: Object{id_utilisateur: 1, nom: 'Dupont', prenom: 'Jean', email: 'jean.dupont@example.com', role: 'parent', statut_compte: 'actif'}, token: 'fake-jwt-token-789'}[39m
Chrome Headless 146.0.0.0 (Windows 10): Executed 324 of 472[32m SUCCESS[39m (0 secs / 5.652 secs)
LOG: 'Inscription r├®ussie', Object{message: 'Registration successful', user: Object{id_utilisateur: 1, nom: 'Dupont', prenom: 'Jean', email: 'jean.dupont@example.com', role: 'parent', statut_compte: 'actif'}, token: 'fake-jwt-token-789'}
[1A[2KChrome Headless 146.0.0.0 (Windows 10): Executed 325 of 472[32m SUCCESS[39m (0 secs / 5.666 secs)
[1A[2KChrome Headless 146.0.0.0 (Windows 10): Executed 326 of 472[32m SUCCESS[39m (0 secs / 5.675 secs)
[1A[2KChrome Headless 146.0.0.0 (Windows 10): Executed 327 of 472[32m SUCCESS[39m (0 secs / 5.685 secs)
[1A[2KChrome Headless 146.0.0.0 (Windows 10): Executed 328 of 472[32m SUCCESS[39m (0 secs / 5.695 secs)
[1A[2KChrome Headless 146.0.0.0 (Windows 10): Executed 329 of 472[32m SUCCESS[39m (0 secs / 5.704 secs)
[1A[2KChrome Headless 146.0.0.0 (Windows 10): Executed 330 of 472[32m SUCCESS[39m (0 secs / 5.713 secs)
[1A[2KChrome Headless 146.0.0.0 (Windows 10): Executed 331 of 472[32m SUCCESS[39m (0 secs / 5.726 secs)
[1A[2KChrome Headless 146.0.0.0 (Windows 10): Executed 332 of 472[32m SUCCESS[39m (0 secs / 5.738 secs)
[1A[2KChrome Headless 146.0.0.0 (Windows 10): Executed 333 of 472[32m SUCCESS[39m (0 secs / 5.747 secs)
[1A[2KChrome Headless 146.0.0.0 (Windows 10): Executed 334 of 472[32m SUCCESS[39m (0 secs / 5.759 secs)
[1A[2KChrome Headless 146.0.0.0 (Windows 10): Executed 335 of 472[32m SUCCESS[39m (0 secs / 5.772 secs)
[1A[2KChrome Headless 146.0.0.0 (Windows 10): Executed 336 of 472[32m SUCCESS[39m (0 secs / 5.79 secs)
[1A[2KChrome Headless 146.0.0.0 (Windows 10): Executed 337 of 472[32m SUCCESS[39m (0 secs / 5.798 secs)
[1A[2KChrome Headless 146.0.0.0 (Windows 10): Executed 338 of 472[32m SUCCESS[39m (0 secs / 5.807 secs)
[1A[2KChrome Headless 146.0.0.0 (Windows 10): Executed 339 of 472[32m SUCCESS[39m (0 secs / 5.817 secs)
[1A[2KChrome Headless 146.0.0.0 (Windows 10): Executed 340 of 472[32m SUCCESS[39m (0 secs / 5.828 secs)
[1A[2KChrome Headless 146.0.0.0 (Windows 10): Executed 341 of 472[32m SUCCESS[39m (0 secs / 5.849 secs)
[1A[2KChrome Headless 146.0.0.0 (Windows 10): Executed 342 of 472[32m SUCCESS[39m (0 secs / 5.858 secs)
[1A[2KChrome Headless 146.0.0.0 (Windows 10): Executed 343 of 472[32m SUCCESS[39m (0 secs / 5.871 secs)
[1A[2KChrome Headless 146.0.0.0 (Windows 10): Executed 344 of 472[32m SUCCESS[39m (0 secs / 5.889 secs)
[1A[2KChrome Headless 146.0.0.0 (Windows 10): Executed 345 of 472[32m SUCCESS[39m (0 secs / 5.901 secs)
[1A[2KChrome Headless 146.0.0.0 (Windows 10): Executed 346 of 472[32m SUCCESS[39m (0 secs / 5.913 secs)
[1A[2KChrome Headless 146.0.0.0 (Windows 10): Executed 347 of 472[32m SUCCESS[39m (0 secs / 5.924 secs)
[1A[2KChrome Headless 146.0.0.0 (Windows 10): Executed 348 of 472[32m SUCCESS[39m (0 secs / 5.936 secs)
[1A[2KChrome Headless 146.0.0.0 (Windows 10): Executed 349 of 472[32m SUCCESS[39m (0 secs / 5.945 secs)
[1A[2KLOG: [36m'Inscription r├®ussie', Object{message: 'Registration successful', user: Object{id_utilisateur: 1, nom: 'Dupont', prenom: 'Jean', email: 'jean.dupont@example.com', role: 'parent', statut_compte: 'actif'}, token: 'fake-jwt-token-789'}[39m
Chrome Headless 146.0.0.0 (Windows 10): Executed 349 of 472[32m SUCCESS[39m (0 secs / 5.945 secs)
LOG: 'Inscription r├®ussie', Object{message: 'Registration successful', user: Object{id_utilisateur: 1, nom: 'Dupont', prenom: 'Jean', email: 'jean.dupont@example.com', role: 'parent', statut_compte: 'actif'}, token: 'fake-jwt-token-789'}
[1A[2KChrome Headless 146.0.0.0 (Windows 10): Executed 350 of 472[32m SUCCESS[39m (0 secs / 5.96 secs)
[1A[2KChrome Headless 146.0.0.0 (Windows 10): Executed 351 of 472[32m SUCCESS[39m (0 secs / 5.971 secs)
[1A[2KChrome Headless 146.0.0.0 (Windows 10): Executed 352 of 472[32m SUCCESS[39m (0 secs / 5.984 secs)
[1A[2KChrome Headless 146.0.0.0 (Windows 10): Executed 353 of 472[32m SUCCESS[39m (0 secs / 6 secs)
[1A[2KChrome Headless 146.0.0.0 (Windows 10): Executed 354 of 472[32m SUCCESS[39m (0 secs / 6.015 secs)
[1A[2KChrome Headless 146.0.0.0 (Windows 10): Executed 355 of 472[32m SUCCESS[39m (0 secs / 6.027 secs)
[1A[2KChrome Headless 146.0.0.0 (Windows 10): Executed 356 of 472[32m SUCCESS[39m (0 secs / 6.036 secs)
[1A[2KChrome Headless 146.0.0.0 (Windows 10): Executed 357 of 472[32m SUCCESS[39m (0 secs / 6.046 secs)
[1A[2KChrome Headless 146.0.0.0 (Windows 10): Executed 358 of 472[32m SUCCESS[39m (0 secs / 6.049 secs)
[1A[2KChrome Headless 146.0.0.0 (Windows 10): Executed 359 of 472[32m SUCCESS[39m (0 secs / 6.09 secs)
[1A[2KChrome Headless 146.0.0.0 (Windows 10): Executed 360 of 472[32m SUCCESS[39m (0 secs / 6.094 secs)
[1A[2KChrome Headless 146.0.0.0 (Windows 10): Executed 361 of 472[32m SUCCESS[39m (0 secs / 6.096 secs)
[1A[2KChrome Headless 146.0.0.0 (Windows 10): Executed 362 of 472[32m SUCCESS[39m (0 secs / 6.098 secs)
[1A[2KChrome Headless 146.0.0.0 (Windows 10): Executed 363 of 472[32m SUCCESS[39m (0 secs / 6.1 secs)
[1A[2KChrome Headless 146.0.0.0 (Windows 10): Executed 364 of 472[32m SUCCESS[39m (0 secs / 6.102 secs)
[1A[2KChrome Headless 146.0.0.0 (Windows 10): Executed 365 of 472[32m SUCCESS[39m (0 secs / 6.105 secs)
[1A[2KChrome Headless 146.0.0.0 (Windows 10): Executed 366 of 472[32m SUCCESS[39m (0 secs / 6.108 secs)
[1A[2KChrome Headless 146.0.0.0 (Windows 10): Executed 367 of 472[32m SUCCESS[39m (0 secs / 6.11 secs)
[1A[2KChrome Headless 146.0.0.0 (Windows 10): Executed 368 of 472[32m SUCCESS[39m (0 secs / 6.112 secs)
[1A[2KChrome Headless 146.0.0.0 (Windows 10): Executed 369 of 472[32m SUCCESS[39m (0 secs / 6.114 secs)
[1A[2KChrome Headless 146.0.0.0 (Windows 10): Executed 370 of 472[32m SUCCESS[39m (0 secs / 6.116 secs)
[1A[2KChrome Headless 146.0.0.0 (Windows 10): Executed 371 of 472[32m SUCCESS[39m (0 secs / 6.118 secs)
[1A[2KChrome Headless 146.0.0.0 (Windows 10): Executed 372 of 472[32m SUCCESS[39m (0 secs / 6.12 secs)
[1A[2KChrome Headless 146.0.0.0 (Windows 10): Executed 373 of 472[32m SUCCESS[39m (0 secs / 6.122 secs)
[1A[2KChrome Headless 146.0.0.0 (Windows 10): Executed 374 of 472[32m SUCCESS[39m (0 secs / 6.124 secs)
[1A[2KChrome Headless 146.0.0.0 (Windows 10): Executed 375 of 472[32m SUCCESS[39m (0 secs / 6.129 secs)
[1A[2KChrome Headless 146.0.0.0 (Windows 10): Executed 376 of 472[32m SUCCESS[39m (0 secs / 6.133 secs)
[1A[2KChrome Headless 146.0.0.0 (Windows 10): Executed 377 of 472[32m SUCCESS[39m (0 secs / 6.137 secs)
[1A[2KChrome Headless 146.0.0.0 (Windows 10): Executed 378 of 472[32m SUCCESS[39m (0 secs / 6.142 secs)
[1A[2KChrome Headless 146.0.0.0 (Windows 10): Executed 379 of 472[32m SUCCESS[39m (0 secs / 6.148 secs)
[1A[2KChrome Headless 146.0.0.0 (Windows 10): Executed 380 of 472[32m SUCCESS[39m (0 secs / 6.153 secs)
[1A[2KChrome Headless 146.0.0.0 (Windows 10): Executed 381 of 472[32m SUCCESS[39m (0 secs / 6.157 secs)
[1A[2KChrome Headless 146.0.0.0 (Windows 10): Executed 382 of 472[32m SUCCESS[39m (0 secs / 6.16 secs)
[1A[2KChrome Headless 146.0.0.0 (Windows 10): Executed 383 of 472[32m SUCCESS[39m (0 secs / 6.162 secs)
[1A[2KChrome Headless 146.0.0.0 (Windows 10): Executed 384 of 472[32m SUCCESS[39m (0 secs / 6.164 secs)
[1A[2KChrome Headless 146.0.0.0 (Windows 10): Executed 385 of 472[32m SUCCESS[39m (0 secs / 6.166 secs)
[1A[2KChrome Headless 146.0.0.0 (Windows 10): Executed 386 of 472[32m SUCCESS[39m (0 secs / 6.168 secs)
[1A[2KChrome Headless 146.0.0.0 (Windows 10): Executed 387 of 472[32m SUCCESS[39m (0 secs / 6.17 secs)
[1A[2KChrome Headless 146.0.0.0 (Windows 10): Executed 388 of 472[32m SUCCESS[39m (0 secs / 6.172 secs)
[1A[2KChrome Headless 146.0.0.0 (Windows 10): Executed 389 of 472[32m SUCCESS[39m (0 secs / 6.174 secs)
[1A[2KChrome Headless 146.0.0.0 (Windows 10): Executed 390 of 472[32m SUCCESS[39m (0 secs / 6.176 secs)
[1A[2KChrome Headless 146.0.0.0 (Windows 10): Executed 391 of 472[32m SUCCESS[39m (0 secs / 6.178 secs)
[1A[2KChrome Headless 146.0.0.0 (Windows 10): Executed 392 of 472[32m SUCCESS[39m (0 secs / 6.18 secs)
[1A[2KChrome Headless 146.0.0.0 (Windows 10): Executed 393 of 472[32m SUCCESS[39m (0 secs / 6.181 secs)
[1A[2KChrome Headless 146.0.0.0 (Windows 10): Executed 394 of 472[32m SUCCESS[39m (0 secs / 6.183 secs)
[1A[2KChrome Headless 146.0.0.0 (Windows 10): Executed 395 of 472[32m SUCCESS[39m (0 secs / 6.185 secs)
[1A[2KChrome Headless 146.0.0.0 (Windows 10): Executed 396 of 472[32m SUCCESS[39m (0 secs / 6.187 secs)
[1A[2KChrome Headless 146.0.0.0 (Windows 10): Executed 397 of 472[32m SUCCESS[39m (0 secs / 6.189 secs)
[1A[2KChrome Headless 146.0.0.0 (Windows 10): Executed 398 of 472[32m SUCCESS[39m (0 secs / 6.191 secs)
[1A[2KChrome Headless 146.0.0.0 (Windows 10): Executed 399 of 472[32m SUCCESS[39m (0 secs / 6.193 secs)
[1A[2KChrome Headless 146.0.0.0 (Windows 10): Executed 400 of 472[32m SUCCESS[39m (0 secs / 6.195 secs)
[1A[2KChrome Headless 146.0.0.0 (Windows 10): Executed 401 of 472[32m SUCCESS[39m (0 secs / 6.197 secs)
[1A[2KChrome Headless 146.0.0.0 (Windows 10): Executed 402 of 472[32m SUCCESS[39m (0 secs / 6.199 secs)
[1A[2KChrome Headless 146.0.0.0 (Windows 10): Executed 403 of 472[32m SUCCESS[39m (0 secs / 6.201 secs)
[1A[2KChrome Headless 146.0.0.0 (Windows 10): Executed 404 of 472[32m SUCCESS[39m (0 secs / 6.203 secs)
[1A[2KChrome Headless 146.0.0.0 (Windows 10): Executed 405 of 472[32m SUCCESS[39m (0 secs / 6.205 secs)
[1A[2KChrome Headless 146.0.0.0 (Windows 10): Executed 406 of 472[32m SUCCESS[39m (0 secs / 6.207 secs)
[1A[2KChrome Headless 146.0.0.0 (Windows 10): Executed 407 of 472[32m SUCCESS[39m (0 secs / 6.21 secs)
[1A[2KChrome Headless 146.0.0.0 (Windows 10): Executed 408 of 472[32m SUCCESS[39m (0 secs / 6.213 secs)
[1A[2KChrome Headless 146.0.0.0 (Windows 10): Executed 409 of 472[32m SUCCESS[39m (0 secs / 6.215 secs)
[1A[2KChrome Headless 146.0.0.0 (Windows 10): Executed 410 of 472[32m SUCCESS[39m (0 secs / 6.217 secs)
[1A[2KChrome Headless 146.0.0.0 (Windows 10): Executed 411 of 472[32m SUCCESS[39m (0 secs / 6.219 secs)
[1A[2KChrome Headless 146.0.0.0 (Windows 10): Executed 412 of 472[32m SUCCESS[39m (0 secs / 6.221 secs)
[1A[2KChrome Headless 146.0.0.0 (Windows 10): Executed 413 of 472[32m SUCCESS[39m (0 secs / 6.223 secs)
[1A[2KChrome Headless 146.0.0.0 (Windows 10): Executed 414 of 472[32m SUCCESS[39m (0 secs / 6.225 secs)
[1A[2KChrome Headless 146.0.0.0 (Windows 10): Executed 415 of 472[32m SUCCESS[39m (0 secs / 6.227 secs)
[1A[2KChrome Headless 146.0.0.0 (Windows 10): Executed 416 of 472[32m SUCCESS[39m (0 secs / 6.229 secs)
[1A[2KChrome Headless 146.0.0.0 (Windows 10): Executed 417 of 472[32m SUCCESS[39m (0 secs / 6.231 secs)
[1A[2KChrome Headless 146.0.0.0 (Windows 10): Executed 418 of 472[32m SUCCESS[39m (0 secs / 6.233 secs)
[1A[2KLOG: [36m'environnementhttp://localhost:8000/apiprod : false'[39m
Chrome Headless 146.0.0.0 (Windows 10): Executed 418 of 472[32m SUCCESS[39m (0 secs / 6.233 secs)
LOG: 'environnementhttp://localhost:8000/apiprod : false'
[1A[2KChrome Headless 146.0.0.0 (Windows 10): Executed 419 of 472[32m SUCCESS[39m (0 secs / 6.235 secs)
[1A[2KLOG: [36m'environnementhttp://localhost:8000/apiprod : false'[39m
Chrome Headless 146.0.0.0 (Windows 10): Executed 419 of 472[32m SUCCESS[39m (0 secs / 6.235 secs)
LOG: 'environnementhttp://localhost:8000/apiprod : false'
[1A[2KChrome Headless 146.0.0.0 (Windows 10): Executed 420 of 472[32m SUCCESS[39m (0 secs / 6.237 secs)
[1A[2KLOG: [36m'environnementhttp://localhost:8000/apiprod : false'[39m
Chrome Headless 146.0.0.0 (Windows 10): Executed 420 of 472[32m SUCCESS[39m (0 secs / 6.237 secs)
LOG: 'environnementhttp://localhost:8000/apiprod : false'
[1A[2KChrome Headless 146.0.0.0 (Windows 10): Executed 421 of 472[32m SUCCESS[39m (0 secs / 6.24 secs)
[1A[2KChrome Headless 146.0.0.0 (Windows 10): Executed 422 of 472[32m SUCCESS[39m (0 secs / 6.242 secs)
[1A[2KChrome Headless 146.0.0.0 (Windows 10): Executed 423 of 472[32m SUCCESS[39m (0 secs / 6.244 secs)
[1A[2KChrome Headless 146.0.0.0 (Windows 10): Executed 424 of 472[32m SUCCESS[39m (0 secs / 6.246 secs)
[1A[2KChrome Headless 146.0.0.0 (Windows 10): Executed 425 of 472[32m SUCCESS[39m (0 secs / 6.248 secs)
[1A[2KChrome Headless 146.0.0.0 (Windows 10): Executed 426 of 472[32m SUCCESS[39m (0 secs / 6.25 secs)
[1A[2KChrome Headless 146.0.0.0 (Windows 10): Executed 427 of 472[32m SUCCESS[39m (0 secs / 6.277 secs)
[1A[2KChrome Headless 146.0.0.0 (Windows 10): Executed 428 of 472[32m SUCCESS[39m (0 secs / 6.283 secs)
[1A[2KChrome Headless 146.0.0.0 (Windows 10): Executed 429 of 472[32m SUCCESS[39m (0 secs / 6.289 secs)
[1A[2KChrome Headless 146.0.0.0 (Windows 10): Executed 430 of 472[32m SUCCESS[39m (0 secs / 6.295 secs)
[1A[2KChrome Headless 146.0.0.0 (Windows 10): Executed 431 of 472[32m SUCCESS[39m (0 secs / 6.3 secs)
[1A[2K[31mChrome Headless 146.0.0.0 (Windows 10) PasswordConfirmModalComponent Logique du composant devrait emettre une confirmation vide lors du oui FAILED[39m
	Expected spy emit to have been called with:
	  [ '' ]
	but it was never called.
	    at <Jasmine>
	    at UserContext.apply (src/app/components/password-confirm-modal/password-confirm-modal.component.spec.ts:29:46)
	    at _ZoneDelegate.invoke (node_modules/zone.js/fesm2015/zone.js:369:28)
	    at ProxyZoneSpec.onInvoke (node_modules/zone.js/fesm2015/zone-testing.js:2081:39)
	    at _ZoneDelegate.invoke (node_modules/zone.js/fesm2015/zone.js:368:34)
Chrome Headless 146.0.0.0 (Windows 10): Executed 432 of 472[31m (1 FAILED)[39m (0 secs / 6.306 secs)
[1A[2KChrome Headless 146.0.0.0 (Windows 10): Executed 433 of 472[31m (1 FAILED)[39m (0 secs / 6.312 secs)
[1A[2KChrome Headless 146.0.0.0 (Windows 10): Executed 434 of 472[31m (1 FAILED)[39m (0 secs / 6.318 secs)
[1A[2KChrome Headless 146.0.0.0 (Windows 10): Executed 435 of 472[31m (1 FAILED)[39m (0 secs / 6.322 secs)
[1A[2KChrome Headless 146.0.0.0 (Windows 10): Executed 436 of 472[31m (1 FAILED)[39m (0 secs / 6.327 secs)
[1A[2KChrome Headless 146.0.0.0 (Windows 10): Executed 437 of 472[31m (1 FAILED)[39m (0 secs / 6.331 secs)
[1A[2KChrome Headless 146.0.0.0 (Windows 10): Executed 438 of 472[31m (1 FAILED)[39m (0 secs / 6.335 secs)
[1A[2KChrome Headless 146.0.0.0 (Windows 10): Executed 439 of 472[31m (1 FAILED)[39m (0 secs / 6.34 secs)
[1A[2KChrome Headless 146.0.0.0 (Windows 10): Executed 440 of 472[31m (1 FAILED)[39m (0 secs / 6.344 secs)
[1A[2KChrome Headless 146.0.0.0 (Windows 10): Executed 441 of 472[31m (1 FAILED)[39m (0 secs / 6.349 secs)
[1A[2KChrome Headless 146.0.0.0 (Windows 10): Executed 442 of 472[31m (1 FAILED)[39m (0 secs / 6.353 secs)
[1A[2KChrome Headless 146.0.0.0 (Windows 10): Executed 443 of 472[31m (1 FAILED)[39m (0 secs / 6.357 secs)
[1A[2KChrome Headless 146.0.0.0 (Windows 10): Executed 444 of 472[31m (1 FAILED)[39m (0 secs / 6.361 secs)
[1A[2KChrome Headless 146.0.0.0 (Windows 10): Executed 445 of 472[31m (1 FAILED)[39m (0 secs / 6.366 secs)
[1A[2KChrome Headless 146.0.0.0 (Windows 10): Executed 446 of 472[31m (1 FAILED)[39m (0 secs / 6.371 secs)
[1A[2KChrome Headless 146.0.0.0 (Windows 10): Executed 447 of 472[31m (1 FAILED)[39m (0 secs / 6.374 secs)
[1A[2KChrome Headless 146.0.0.0 (Windows 10): Executed 448 of 472[31m (1 FAILED)[39m (0 secs / 6.377 secs)
[1A[2KChrome Headless 146.0.0.0 (Windows 10): Executed 449 of 472[31m (1 FAILED)[39m (0 secs / 6.38 secs)
[1A[2KChrome Headless 146.0.0.0 (Windows 10): Executed 450 of 472[31m (1 FAILED)[39m (0 secs / 6.384 secs)
[1A[2KChrome Headless 146.0.0.0 (Windows 10): Executed 451 of 472[31m (1 FAILED)[39m (0 secs / 6.441 secs)
[1A[2KChrome Headless 146.0.0.0 (Windows 10): Executed 452 of 472[31m (1 FAILED)[39m (0 secs / 6.443 secs)
[1A[2KChrome Headless 146.0.0.0 (Windows 10): Executed 453 of 472[31m (1 FAILED)[39m (0 secs / 6.445 secs)
[1A[2KChrome Headless 146.0.0.0 (Windows 10): Executed 454 of 472[31m (1 FAILED)[39m (0 secs / 6.447 secs)
[1A[2KChrome Headless 146.0.0.0 (Windows 10): Executed 455 of 472[31m (1 FAILED)[39m (0 secs / 6.449 secs)
[1A[2KChrome Headless 146.0.0.0 (Windows 10): Executed 456 of 472[31m (1 FAILED)[39m (0 secs / 6.452 secs)
[1A[2KChrome Headless 146.0.0.0 (Windows 10): Executed 457 of 472[31m (1 FAILED)[39m (0 secs / 6.455 secs)
[1A[2KChrome Headless 146.0.0.0 (Windows 10): Executed 458 of 472[31m (1 FAILED)[39m (0 secs / 6.457 secs)
[1A[2KChrome Headless 146.0.0.0 (Windows 10): Executed 459 of 472[31m (1 FAILED)[39m (0 secs / 6.459 secs)
[1A[2KERROR: [36m'Token invalide ou expir├® :', HttpErrorResponse{headers: HttpHeaders{normalizedNames: Map{}, lazyUpdate: null, headers: Map{}}, status: 401, statusText: 'Unauthorized', url: 'http://localhost:8000/api/user', ok: false, name: 'HttpErrorResponse', message: 'Http failure response for http://localhost:8000/api/user: 401 Unauthorized', error: 'Unauthorized'}[39m
Chrome Headless 146.0.0.0 (Windows 10): Executed 459 of 472[31m (1 FAILED)[39m (0 secs / 6.459 secs)
ERROR: 'Token invalide ou expir├® :', HttpErrorResponse{headers: HttpHeaders{normalizedNames: Map{}, lazyUpdate: null, headers: Map{}}, status: 401, statusText: 'Unauthorized', url: 'http://localhost:8000/api/user', ok: false, name: 'HttpErrorResponse', message: 'Http failure response for http://localhost:8000/api/user: 401 Unauthorized', error: 'Unauthorized'}
[1A[2KChrome Headless 146.0.0.0 (Windows 10): Executed 460 of 472[31m (1 FAILED)[39m (0 secs / 6.574 secs)
[1A[2KChrome Headless 146.0.0.0 (Windows 10): Executed 461 of 472[31m (1 FAILED)[39m (0 secs / 6.578 secs)
[1A[2KChrome Headless 146.0.0.0 (Windows 10): Executed 462 of 472[31m (1 FAILED)[39m (0 secs / 6.581 secs)
[1A[2KChrome Headless 146.0.0.0 (Windows 10): Executed 463 of 472[31m (1 FAILED)[39m (0 secs / 6.584 secs)
[1A[2KChrome Headless 146.0.0.0 (Windows 10): Executed 464 of 472[31m (1 FAILED)[39m (0 secs / 6.587 secs)
[1A[2KChrome Headless 146.0.0.0 (Windows 10): Executed 465 of 472[31m (1 FAILED)[39m (0 secs / 6.589 secs)
[1A[2KChrome Headless 146.0.0.0 (Windows 10): Executed 466 of 472[31m (1 FAILED)[39m (0 secs / 6.592 secs)
[1A[2KChrome Headless 146.0.0.0 (Windows 10): Executed 467 of 472[31m (1 FAILED)[39m (0 secs / 6.594 secs)
[1A[2KChrome Headless 146.0.0.0 (Windows 10): Executed 468 of 472[31m (1 FAILED)[39m (0 secs / 6.598 secs)
[1A[2KChrome Headless 146.0.0.0 (Windows 10): Executed 469 of 472[31m (1 FAILED)[39m (0 secs / 6.601 secs)
[1A[2KChrome Headless 146.0.0.0 (Windows 10): Executed 470 of 472[31m (1 FAILED)[39m (0 secs / 6.604 secs)
[1A[2KChrome Headless 146.0.0.0 (Windows 10): Executed 471 of 472[31m (1 FAILED)[39m (0 secs / 6.607 secs)
[1A[2KChrome Headless 146.0.0.0 (Windows 10): Executed 472 of 472[31m (1 FAILED)[39m (0 secs / 6.61 secs)
[1A[2KChrome Headless 146.0.0.0 (Windows 10): Executed 472 of 472[31m (1 FAILED)[39m (7.649 secs / 6.61 secs)
[31mTOTAL: 1 FAILED, 471 SUCCESS[39m
Ô£ö Browser 
application bundle 
generation complete.
Ô£ö Browser 
application bundle 
generation complete.
